Component: ARM Compiler 5.06 update 7 (build 960) Tool: armlink [4d3601]

==============================================================================

Section Cross References

    main.o(i.main) refers to systick.o(i.SysTick_Init) for SysTick_Init
    main.o(i.main) refers to usart.o(i.Usart1_Init) for Usart1_Init
    main.o(i.main) refers to at24c02.o(i.AT24C02_Init) for AT24C02_Init
    main.o(i.main) refers to at24c02.o(i.AT24C02_Read_OTA_Info) for AT24C02_Read_OTA_Info
    main.o(i.main) refers to boot.o(i.BootLoader_Branch) for BootLoader_Branch
    stm32f4xx_it.o(i.USART1_IRQHandler) refers to stm32f4xx_usart.o(i.USART_GetFlagStatus) for USART_GetFlagStatus
    stm32f4xx_it.o(i.USART1_IRQHandler) refers to stm32f4xx_usart.o(i.USART_ClearFlag) for USART_ClearFlag
    stm32f4xx_it.o(i.USART1_IRQHandler) refers to stm32f4xx_usart.o(i.USART_ReceiveData) for USART_ReceiveData
    stm32f4xx_it.o(i.USART1_IRQHandler) refers to stm32f4xx_dma.o(i.DMA_GetCurrDataCounter) for DMA_GetCurrDataCounter
    stm32f4xx_it.o(i.USART1_IRQHandler) refers to stm32f4xx_dma.o(i.DMA_Cmd) for DMA_Cmd
    stm32f4xx_it.o(i.USART1_IRQHandler) refers to stm32f4xx_dma.o(i.DMA_SetCurrDataCounter) for DMA_SetCurrDataCounter
    stm32f4xx_it.o(i.USART1_IRQHandler) refers to usart.o(.bss) for U1_RXBufptr
    stm32f4xx_flash.o(i.FLASH_EraseAllBank1Sectors) refers to stm32f4xx_flash.o(i.FLASH_WaitForLastOperation) for FLASH_WaitForLastOperation
    stm32f4xx_flash.o(i.FLASH_EraseAllBank2Sectors) refers to stm32f4xx_flash.o(i.FLASH_WaitForLastOperation) for FLASH_WaitForLastOperation
    stm32f4xx_flash.o(i.FLASH_EraseAllSectors) refers to stm32f4xx_flash.o(i.FLASH_WaitForLastOperation) for FLASH_WaitForLastOperation
    stm32f4xx_flash.o(i.FLASH_EraseSector) refers to stm32f4xx_flash.o(i.FLASH_WaitForLastOperation) for FLASH_WaitForLastOperation
    stm32f4xx_flash.o(i.FLASH_OB_Launch) refers to stm32f4xx_flash.o(i.FLASH_WaitForLastOperation) for FLASH_WaitForLastOperation
    stm32f4xx_flash.o(i.FLASH_OB_PCROP1Config) refers to stm32f4xx_flash.o(i.FLASH_WaitForLastOperation) for FLASH_WaitForLastOperation
    stm32f4xx_flash.o(i.FLASH_OB_PCROPConfig) refers to stm32f4xx_flash.o(i.FLASH_WaitForLastOperation) for FLASH_WaitForLastOperation
    stm32f4xx_flash.o(i.FLASH_OB_RDPConfig) refers to stm32f4xx_flash.o(i.FLASH_WaitForLastOperation) for FLASH_WaitForLastOperation
    stm32f4xx_flash.o(i.FLASH_OB_UserConfig) refers to stm32f4xx_flash.o(i.FLASH_WaitForLastOperation) for FLASH_WaitForLastOperation
    stm32f4xx_flash.o(i.FLASH_OB_WRP1Config) refers to stm32f4xx_flash.o(i.FLASH_WaitForLastOperation) for FLASH_WaitForLastOperation
    stm32f4xx_flash.o(i.FLASH_OB_WRPConfig) refers to stm32f4xx_flash.o(i.FLASH_WaitForLastOperation) for FLASH_WaitForLastOperation
    stm32f4xx_flash.o(i.FLASH_ProgramByte) refers to stm32f4xx_flash.o(i.FLASH_WaitForLastOperation) for FLASH_WaitForLastOperation
    stm32f4xx_flash.o(i.FLASH_ProgramDoubleWord) refers to stm32f4xx_flash.o(i.FLASH_WaitForLastOperation) for FLASH_WaitForLastOperation
    stm32f4xx_flash.o(i.FLASH_ProgramHalfWord) refers to stm32f4xx_flash.o(i.FLASH_WaitForLastOperation) for FLASH_WaitForLastOperation
    stm32f4xx_flash.o(i.FLASH_ProgramWord) refers to stm32f4xx_flash.o(i.FLASH_WaitForLastOperation) for FLASH_WaitForLastOperation
    stm32f4xx_flash.o(i.FLASH_WaitForLastOperation) refers to stm32f4xx_flash.o(i.FLASH_GetStatus) for FLASH_GetStatus
    stm32f4xx_gpio.o(i.GPIO_DeInit) refers to stm32f4xx_rcc.o(i.RCC_AHB1PeriphResetCmd) for RCC_AHB1PeriphResetCmd
    stm32f4xx_i2c.o(i.I2C_DeInit) refers to stm32f4xx_rcc.o(i.RCC_APB1PeriphResetCmd) for RCC_APB1PeriphResetCmd
    stm32f4xx_i2c.o(i.I2C_Init) refers to stm32f4xx_rcc.o(i.RCC_GetClocksFreq) for RCC_GetClocksFreq
    stm32f4xx_rcc.o(i.RCC_GetClocksFreq) refers to stm32f4xx_rcc.o(.data) for APBAHBPrescTable
    stm32f4xx_rcc.o(i.RCC_WaitForHSEStartUp) refers to stm32f4xx_rcc.o(i.RCC_GetFlagStatus) for RCC_GetFlagStatus
    stm32f4xx_rtc.o(i.RTC_CoarseCalibCmd) refers to stm32f4xx_rtc.o(i.RTC_EnterInitMode) for RTC_EnterInitMode
    stm32f4xx_rtc.o(i.RTC_CoarseCalibCmd) refers to stm32f4xx_rtc.o(i.RTC_ExitInitMode) for RTC_ExitInitMode
    stm32f4xx_rtc.o(i.RTC_CoarseCalibConfig) refers to stm32f4xx_rtc.o(i.RTC_EnterInitMode) for RTC_EnterInitMode
    stm32f4xx_rtc.o(i.RTC_CoarseCalibConfig) refers to stm32f4xx_rtc.o(i.RTC_ExitInitMode) for RTC_ExitInitMode
    stm32f4xx_rtc.o(i.RTC_DeInit) refers to stm32f4xx_rtc.o(i.RTC_EnterInitMode) for RTC_EnterInitMode
    stm32f4xx_rtc.o(i.RTC_DeInit) refers to stm32f4xx_rtc.o(i.RTC_WaitForSynchro) for RTC_WaitForSynchro
    stm32f4xx_rtc.o(i.RTC_GetAlarm) refers to stm32f4xx_rtc.o(i.RTC_Bcd2ToByte) for RTC_Bcd2ToByte
    stm32f4xx_rtc.o(i.RTC_GetDate) refers to stm32f4xx_rtc.o(i.RTC_Bcd2ToByte) for RTC_Bcd2ToByte
    stm32f4xx_rtc.o(i.RTC_GetTime) refers to stm32f4xx_rtc.o(i.RTC_Bcd2ToByte) for RTC_Bcd2ToByte
[...]
    iic.o(i.IIC_Start) refers to stm32f4xx_gpio.o(i.GPIO_SetBits) for GPIO_SetBits
    iic.o(i.IIC_Start) refers to systick.o(i.delay_us) for delay_us
    iic.o(i.IIC_Start) refers to stm32f4xx_gpio.o(i.GPIO_ResetBits) for GPIO_ResetBits
    iic.o(i.IIC_Stop) refers to stm32f4xx_gpio.o(i.GPIO_ResetBits) for GPIO_ResetBits
    iic.o(i.IIC_Stop) refers to stm32f4xx_gpio.o(i.GPIO_SetBits) for GPIO_SetBits
    iic.o(i.IIC_Stop) refers to systick.o(i.delay_us) for delay_us
    iic.o(i.IIC_WaitAck) refers to stm32f4xx_gpio.o(i.GPIO_SetBits) for GPIO_SetBits
    iic.o(i.IIC_WaitAck) refers to systick.o(i.delay_us) for delay_us
    iic.o(i.IIC_WaitAck) refers to stm32f4xx_gpio.o(i.GPIO_ReadInputDataBit) for GPIO_ReadInputDataBit
    iic.o(i.IIC_WaitAck) refers to stm32f4xx_gpio.o(i.GPIO_ResetBits) for GPIO_ResetBits
    at24c02.o(i.AT24C02_Init) refers to iic.o(i.EEPROM_I2CInit) for EEPROM_I2CInit
    at24c02.o(i.AT24C02_ReadByte) refers to iic.o(i.IIC_Start) for IIC_Start
    at24c02.o(i.AT24C02_ReadByte) refers to iic.o(i.IIC_SendByte) for IIC_SendByte
    at24c02.o(i.AT24C02_ReadByte) refers to iic.o(i.IIC_WaitAck) for IIC_WaitAck
    at24c02.o(i.AT24C02_ReadByte) refers to iic.o(i.IIC_ReadByte) for IIC_ReadByte
    at24c02.o(i.AT24C02_ReadByte) refers to iic.o(i.IIC_SendNotAck) for IIC_SendNotAck
    at24c02.o(i.AT24C02_ReadByte) refers to iic.o(i.IIC_Stop) for IIC_Stop
    at24c02.o(i.AT24C02_ReadBytes) refers to iic.o(i.IIC_Start) for IIC_Start
    at24c02.o(i.AT24C02_ReadBytes) refers to iic.o(i.IIC_SendByte) for IIC_SendByte
    at24c02.o(i.AT24C02_ReadBytes) refers to iic.o(i.IIC_WaitAck) for IIC_WaitAck
    at24c02.o(i.AT24C02_ReadBytes) refers to iic.o(i.IIC_ReadByte) for IIC_ReadByte
    at24c02.o(i.AT24C02_ReadBytes) refers to iic.o(i.IIC_SendNotAck) for IIC_SendNotAck
    at24c02.o(i.AT24C02_ReadBytes) refers to iic.o(i.IIC_SendAck) for IIC_SendAck
    at24c02.o(i.AT24C02_ReadBytes) refers to iic.o(i.IIC_Stop) for IIC_Stop
    at24c02.o(i.AT24C02_Read_OTA_Info) refers to at24c02.o(i.AT24C02_ReadBytes) for AT24C02_ReadBytes
    at24c02.o(i.AT24C02_Read_OTA_Info) refers to main.o(.data) for OTA_Info
    at24c02.o(i.AT24C02_WriteByte) refers to iic.o(i.IIC_Start) for IIC_Start
    at24c02.o(i.AT24C02_WriteByte) refers to iic.o(i.IIC_SendByte) for IIC_SendByte
    at24c02.o(i.AT24C02_WriteByte) refers to iic.o(i.IIC_WaitAck) for IIC_WaitAck
    at24c02.o(i.AT24C02_WriteByte) refers to iic.o(i.IIC_Stop) for IIC_Stop
    at24c02.o(i.AT24C02_WritePage) refers to iic.o(i.IIC_Start) for IIC_Start
    at24c02.o(i.AT24C02_WritePage) refers to iic.o(i.IIC_SendByte) for IIC_SendByte
    at24c02.o(i.AT24C02_WritePage) refers to iic.o(i.IIC_WaitAck) for IIC_WaitAck
    at24c02.o(i.AT24C02_WritePage) refers to iic.o(i.IIC_Stop) for IIC_Stop
    spi.o(i.FLASH_SPI_Init) refers to stm32f4xx_rcc.o(i.RCC_APB2PeriphClockCmd) for RCC_APB2PeriphClockCmd
    spi.o(i.FLASH_SPI_Init) refers to spi.o(i.SPI_PortInit) for SPI_PortInit
    spi.o(i.FLASH_SPI_Init) refers to stm32f4xx_spi.o(i.SPI_StructInit) for SPI_StructInit
    spi.o(i.FLASH_SPI_Init) refers to stm32f4xx_spi.o(i.SPI_Init) for SPI_Init
    spi.o(i.FLASH_SPI_Init) refers to stm32f4xx_spi.o(i.SPI_Cmd) for SPI_Cmd
    spi.o(i.SPI1_ReadBytes) refers to spi.o(i.SPI1_ReadWriteByte) for SPI1_ReadWriteByte
    spi.o(i.SPI1_ReadWriteByte) refers to stm32f4xx_spi.o(i.SPI_I2S_GetFlagStatus) for SPI_I2S_GetFlagStatus
    spi.o(i.SPI1_ReadWriteByte) refers to stm32f4xx_spi.o(i.SPI_I2S_SendData) for SPI_I2S_SendData
    spi.o(i.SPI1_ReadWriteByte) refers to stm32f4xx_spi.o(i.SPI_I2S_ReceiveData) for SPI_I2S_ReceiveData
    spi.o(i.SPI1_WriteBytes) refers to spi.o(i.SPI1_ReadWriteByte) for SPI1_ReadWriteByte
    spi.o(i.SPI_PortInit) refers to stm32f4xx_rcc.o(i.RCC_AHB1PeriphClockCmd) for RCC_AHB1PeriphClockCmd
    spi.o(i.SPI_PortInit) refers to stm32f4xx_gpio.o(i.GPIO_PinAFConfig) for GPIO_PinAFConfig
    spi.o(i.SPI_PortInit) refers to stm32f4xx_gpio.o(i.GPIO_Init) for GPIO_Init
    w25q128.o(i.W25Q128_Disable) refers to w25q128.o(i.W25Q128_WaitBusy) for W25Q128_WaitBusy
    w25q128.o(i.W25Q128_Disable) refers to stm32f4xx_gpio.o(i.GPIO_ResetBits) for GPIO_ResetBits
    w25q128.o(i.W25Q128_Disable) refers to spi.o(i.SPI1_ReadWriteByte) for SPI1_ReadWriteByte
    w25q128.o(i.W25Q128_Disable) refers to stm32f4xx_gpio.o(i.GPIO_SetBits) for GPIO_SetBits
    w25q128.o(i.W25Q128_Enable) refers to w25q128.o(i.W25Q128_WaitBusy) for W25Q128_WaitBusy
    w25q128.o(i.W25Q128_Enable) refers to stm32f4xx_gpio.o(i.GPIO_ResetBits) for GPIO_ResetBits
    w25q128.o(i.W25Q128_Enable) refers to spi.o(i.SPI1_ReadWriteByte) for SPI1_ReadWriteByte
    w25q128.o(i.W25Q128_Enable) refers to stm32f4xx_gpio.o(i.GPIO_SetBits) for GPIO_SetBits
    w25q128.o(i.W25Q128_Erase64K) refers to w25q128.o(i.W25Q128_WaitBusy) for W25Q128_WaitBusy
    w25q128.o(i.W25Q128_Erase64K) refers to w25q128.o(i.W25Q128_Enable) for W25Q128_Enable
    w25q128.o(i.W25Q128_Erase64K) refers to stm32f4xx_gpio.o(i.GPIO_ResetBits) for GPIO_ResetBits
    w25q128.o(i.W25Q128_Erase64K) refers to spi.o(i.SPI1_WriteBytes) for SPI1_WriteBytes
    w25q128.o(i.W25Q128_Erase64K) refers to stm32f4xx_gpio.o(i.GPIO_SetBits) for GPIO_SetBits
    w25q128.o(i.W25Q128_Init) refers to stm32f4xx_gpio.o(i.GPIO_SetBits) for GPIO_SetBits
    w25q128.o(i.W25Q128_Init) refers to spi.o(i.FLASH_SPI_Init) for FLASH_SPI_Init
    w25q128.o(i.W25Q128_PageProgram) refers to w25q128.o(i.W25Q128_WaitBusy) for W25Q128_WaitBusy
    w25q128.o(i.W25Q128_PageProgram) refers to w25q128.o(i.W25Q128_Enable) for W25Q128_Enable
    w25q128.o(i.W25Q128_PageProgram) refers to stm32f4xx_gpio.o(i.GPIO_ResetBits) for GPIO_ResetBits
    w25q128.o(i.W25Q128_PageProgram) refers to spi.o(i.SPI1_WriteBytes) for SPI1_WriteBytes
    w25q128.o(i.W25Q128_PageProgram) refers to stm32f4xx_gpio.o(i.GPIO_SetBits) for GPIO_SetBits
    w25q128.o(i.W25Q128_ReadData) refers to w25q128.o(i.W25Q128_WaitBusy) for W25Q128_WaitBusy
    w25q128.o(i.W25Q128_ReadData) refers to w25q128.o(i.W25Q128_Enable) for W25Q128_Enable
    w25q128.o(i.W25Q128_ReadData) refers to stm32f4xx_gpio.o(i.GPIO_ResetBits) for GPIO_ResetBits
    w25q128.o(i.W25Q128_ReadData) refers to spi.o(i.SPI1_WriteBytes) for SPI1_WriteBytes
    w25q128.o(i.W25Q128_ReadData) refers to spi.o(i.SPI1_ReadBytes) for SPI1_ReadBytes
    w25q128.o(i.W25Q128_ReadData) refers to stm32f4xx_gpio.o(i.GPIO_SetBits) for GPIO_SetBits
    w25q128.o(i.W25Q128_WaitBusy) refers to stm32f4xx_gpio.o(i.GPIO_ResetBits) for GPIO_ResetBits
    w25q128.o(i.W25Q128_WaitBusy) refers to spi.o(i.SPI1_ReadWriteByte) for SPI1_ReadWriteByte
    w25q128.o(i.W25Q128_WaitBusy) refers to stm32f4xx_gpio.o(i.GPIO_SetBits) for GPIO_SetBits
    fmc.o(i.FLASH_Erase) refers to stm32f4xx_flash.o(i.FLASH_Unlock) for FLASH_Unlock
    fmc.o(i.FLASH_Erase) refers to stm32f4xx_flash.o(i.FLASH_EraseSector) for FLASH_EraseSector
    fmc.o(i.FLASH_Erase) refers to stm32f4xx_flash.o(i.FLASH_Lock) for FLASH_Lock
    fmc.o(i.FLASH_Write) refers to stm32f4xx_flash.o(i.FLASH_Unlock) for FLASH_Unlock
    fmc.o(i.FLASH_Write) refers to stm32f4xx_flash.o(i.FLASH_ProgramWord) for FLASH_ProgramWord
    fmc.o(i.FLASH_Write) refers to stm32f4xx_flash.o(i.FLASH_Lock) for FLASH_Lock
    boot.o(i.BootLoader_Branch) refers to usart.o(i.U1_printf) for U1_printf
    boot.o(i.BootLoader_Branch) refers to boot.o(i.LOAD_A) for LOAD_A
    boot.o(i.BootLoader_Branch) refers to main.o(.data) for OTA_Info
    boot.o(i.BootLoader_Clear) refers to stm32f4xx_gpio.o(i.GPIO_DeInit) for GPIO_DeInit
    boot.o(i.BootLoader_Clear) refers to stm32f4xx_usart.o(i.USART_DeInit) for USART_DeInit
    boot.o(i.LOAD_A) refers to boot.o(.emb_text) for MSR_SP
    boot.o(i.LOAD_A) refers to boot.o(.data) for Load_A
    startup_stm32f40_41xxx.o(RESET) refers to startup_stm32f40_41xxx.o(STACK) for __initial_sp
    startup_stm32f40_41xxx.o(RESET) refers to startup_stm32f40_41xxx.o(.text) for Reset_Handler
    startup_stm32f40_41xxx.o(RESET) refers to stm32f4xx_it.o(i.NMI_Handler) for NMI_Handler
    startup_stm32f40_41xxx.o(RESET) refers to stm32f4xx_it.o(i.HardFault_Handler) for HardFault_Handler
    startup_stm32f40_41xxx.o(RESET) refers to stm32f4xx_it.o(i.MemManage_Handler) for MemManage_Handler
    startup_stm32f40_41xxx.o(RESET) refers to stm32f4xx_it.o(i.BusFault_Handler) for BusFault_Handler
    startup_stm32f40_41xxx.o(RESET) refers to stm32f4xx_it.o(i.UsageFault_Handler) for UsageFault_Handler
    startup_stm32f40_41xxx.o(RESET) refers to stm32f4xx_it.o(i.SVC_Handler) for SVC_Handler
    startup_stm32f40_41xxx.o(RESET) refers to stm32f4xx_it.o(i.DebugMon_Handler) for DebugMon_Handler
    startup_stm32f40_41xxx.o(RESET) refers to stm32f4xx_it.o(i.PendSV_Handler) for PendSV_Handler
    startup_stm32f40_41xxx.o(RESET) refers to stm32f4xx_it.o(i.SysTick_Handler) for SysTick_Handler
    startup_stm32f40_41xxx.o(RESET) refers to stm32f4xx_it.o(i.USART1_IRQHandler) for USART1_IRQHandler
    startup_stm32f40_41xxx.o(.text) refers to system_stm32f4xx.o(i.SystemInit) for SystemInit
    startup_stm32f40_41xxx.o(.text) refers to entry.o(.ARM.Collect$$$$00000000) for __main
    system_stm32f4xx.o(i.SystemCoreClockUpdate) refers to system_stm32f4xx.o(.data) for SystemCoreClock
    system_stm32f4xx.o(i.SystemInit) refers to system_stm32f4xx.o(i.SetSysClock) for SetSysClock
    entry.o(.ARM.Collect$$$$00000000) refers (Special) to entry10a.o(.ARM.Collect$$$$0000000F) for __rt_final_cpp
    entry.o(.ARM.Collect$$$$00000000) refers (Special) to entry11a.o(.ARM.Collect$$$$00000011) for __rt_final_exit
    entry.o(.ARM.Collect$$$$00000000) refers (Special) to entry12b.o(.ARM.Collect$$$$0000000E) for __rt_lib_shutdown_fini
    entry.o(.ARM.Collect$$$$00000000) refers (Special) to entry7b.o(.ARM.Collect$$$$00000008) for _main_clock
    entry.o(.ARM.Collect$$$$00000000) refers (Special) to entry8b.o(.ARM.Collect$$$$0000000A) for _main_cpp_init
    entry.o(.ARM.Collect$$$$00000000) refers (Special) to entry9a.o(.ARM.Collect$$$$0000000B) for _main_init
    entry.o(.ARM.Collect$$$$00000000) refers (Special) to entry5.o(.ARM.Collect$$$$00000004) for _main_scatterload
    entry.o(.ARM.Collect$$$$00000000) refers (Special) to entry2.o(.ARM.Collect$$$$00000001) for _main_stk
    printfa.o(i.__0fprintf) refers (Special) to iusefp.o(.text) for __I$use$fp
    printfa.o(i.__0fprintf) refers to printfa.o(i._printf_core) for _printf_core
    printfa.o(i.__0fprintf) refers to fputc.o(i.fputc) for fputc
    printfa.o(i.__0printf) refers (Special) to iusefp.o(.text) for __I$use$fp
    printfa.o(i.__0printf) refers to printfa.o(i._printf_core) for _printf_core
    printfa.o(i.__0printf) refers to fputc.o(i.fputc) for fputc
    printfa.o(i.__0printf) refers to stdout.o(.data) for __stdout
    printfa.o(i.__0snprintf) refers (Special) to iusefp.o(.text) for __I$use$fp
    printfa.o(i.__0snprintf) refers to printfa.o(i._printf_core) for _printf_core
    printfa.o(i.__0snprintf) refers to printfa.o(i._snputc) for _snputc
    printfa.o(i.__0sprintf) refers (Special) to iusefp.o(.text) for __I$use$fp
    printfa.o(i.__0sprintf) refers to printfa.o(i._printf_core) for _printf_core
    printfa.o(i.__0sprintf) refers to printfa.o(i._sputc) for _sputc
    printfa.o(i.__0vfprintf) refers (Special) to iusefp.o(.text) for __I$use$fp
    printfa.o(i.__0vfprintf) refers to printfa.o(i._printf_core) for _printf_core
    printfa.o(i.__0vfprintf) refers to fputc.o(i.fputc) for fputc
    printfa.o(i.__0vprintf) refers (Special) to iusefp.o(.text) for __I$use$fp
    printfa.o(i.__0vprintf) refers to printfa.o(i._printf_core) for _printf_core
    printfa.o(i.__0vprintf) refers to fputc.o(i.fputc) for fputc
    printfa.o(i.__0vprintf) refers to stdout.o(.data) for __stdout
    printfa.o(i.__0vsnprintf) refers (Special) to iusefp.o(.text) for __I$use$fp
    printfa.o(i.__0vsnprintf) refers to printfa.o(i._printf_core) for _printf_core
    printfa.o(i.__0vsnprintf) refers to printfa.o(i._snputc) for _snputc
    printfa.o(i.__0vsprintf) refers (Special) to iusefp.o(.text) for __I$use$fp
    printfa.o(i.__0vsprintf) refers to printfa.o(i._printf_core) for _printf_core
    printfa.o(i.__0vsprintf) refers to printfa.o(i._sputc) for _sputc
    printfa.o(i._fp_digits) refers (Special) to iusefp.o(.text) for __I$use$fp
    printfa.o(i._fp_digits) refers to dmul.o(.text) for __aeabi_dmul
    printfa.o(i._fp_digits) refers to ddiv.o(.text) for __aeabi_ddiv
    printfa.o(i._fp_digits) refers to cdrcmple.o(.text) for __aeabi_cdrcmple
    printfa.o(i._fp_digits) refers to dadd.o(.text) for __aeabi_dadd
    printfa.o(i._fp_digits) refers to dfixul.o(.text) for __aeabi_d2ulz
    printfa.o(i._fp_digits) refers to uldiv.o(.text) for __aeabi_uldivmod
    printfa.o(i._printf_core) refers (Special) to iusefp.o(.text) for __I$use$fp
    printfa.o(i._printf_core) refers to printfa.o(i._printf_pre_padding) for _printf_pre_padding
    printfa.o(i._printf_core) refers to uldiv.o(.text) for __aeabi_uldivmod
    printfa.o(i._printf_core) refers to printfa.o(i._printf_post_padding) for _printf_post_padding
    printfa.o(i._printf_core) refers to printfa.o(i._fp_digits) for _fp_digits
    printfa.o(i._printf_core) refers to uidiv.o(.text) for __aeabi_uidivmod
    printfa.o(i._printf_post_padding) refers (Special) to iusefp.o(.text) for __I$use$fp
    printfa.o(i._printf_pre_padding) refers (Special) to iusefp.o(.text) for __I$use$fp
    printfa.o(i._snputc) refers (Special) to iusefp.o(.text) for __I$use$fp
    printfa.o(i._sputc) refers (Special) to iusefp.o(.text) for __I$use$fp
    entry2.o(.ARM.Collect$$$$00000001) refers to entry2.o(.ARM.Collect$$$$00002712) for __lit__00000000
    entry2.o(.ARM.Collect$$$$00002712) refers to startup_stm32f40_41xxx.o(STACK) for __initial_sp
    entry2.o(__vectab_stack_and_reset_area) refers to startup_stm32f40_41xxx.o(STACK) for __initial_sp
    entry2.o(__vectab_stack_and_reset_area) refers to entry.o(.ARM.Collect$$$$00000000) for __main
    entry5.o(.ARM.Collect$$$$00000004) refers to init.o(.text) for __scatterload
    entry9a.o(.ARM.Collect$$$$0000000B) refers to main.o(i.main) for main
    entry9b.o(.ARM.Collect$$$$0000000C) refers to main.o(i.main) for main
    fputc.o(i.fputc) refers (Special) to iusesemip.o(.text) for __I$use$semihosting$fputc
    fputc.o(i.fputc) refers (Special) to semi.o(.text) for __semihosting_library_function
    uldiv.o(.text) refers to llushr.o(.text) for __aeabi_llsr
    uldiv.o(.text) refers to llshl.o(.text) for __aeabi_llsl
    dadd.o(.text) refers to llshl.o(.text) for __aeabi_llsl
    dadd.o(.text) refers to llsshr.o(.text) for __aeabi_lasr
    dadd.o(.text) refers to depilogue.o(.text) for _double_epilogue
    dmul.o(.text) refers to depilogue.o(.text) for _double_epilogue
    ddiv.o(.text) refers to depilogue.o(.text) for _double_round
    dfixul.o(.text) refers to llushr.o(.text) for __aeabi_llsr
    dfixul.o(.text) refers to llshl.o(.text) for __aeabi_llsl
    init.o(.text) refers to entry5.o(.ARM.Collect$$$$00000004) for __main_after_scatterload
    depilogue.o(.text) refers to llshl.o(.text) for __aeabi_llsl
    depilogue.o(.text) refers to llushr.o(.text) for __aeabi_llsr


==============================================================================

Removing Unused input sections from the image.

    Removing main.o(.rev16_text), (4 bytes).
    Removing main.o(.revsh_text), (4 bytes).
    Removing main.o(.rrx_text), (6 bytes).
    Removing main.o(.bss), (10 bytes).
    Removing stm32f4xx_it.o(.rev16_text), (4 bytes).
    Removing stm32f4xx_it.o(.revsh_text), (4 bytes).
    Removing stm32f4xx_it.o(.rrx_text), (6 bytes).
    Removing misc.o(.rev16_text), (4 bytes).
    Removing misc.o(.revsh_text), (4 bytes).
    Removing misc.o(.rrx_text), (6 bytes).
    Removing misc.o(i.NVIC_PriorityGroupConfig), (20 bytes).
    Removing misc.o(i.NVIC_SetVectorTable), (20 bytes).
    Removing misc.o(i.NVIC_SystemLPConfig), (32 bytes).
    Removing stm32f4xx_dma.o(.rev16_text), (4 bytes).
    Removing stm32f4xx_dma.o(.revsh_text), (4 bytes).
    Removing stm32f4xx_dma.o(.rrx_text), (6 bytes).
    Removing stm32f4xx_dma.o(i.DMA_ClearFlag), (52 bytes).
    Removing stm32f4xx_dma.o(i.DMA_ClearITPendingBit), (52 bytes).
    Removing stm32f4xx_dma.o(i.DMA_DoubleBufferModeCmd), (22 bytes).
    Removing stm32f4xx_dma.o(i.DMA_DoubleBufferModeConfig), (24 bytes).
    Removing stm32f4xx_dma.o(i.DMA_FlowControllerConfig), (22 bytes).
    Removing stm32f4xx_dma.o(i.DMA_GetCmdStatus), (20 bytes).
    Removing stm32f4xx_dma.o(i.DMA_GetCurrentMemoryTarget), (20 bytes).
    Removing stm32f4xx_dma.o(i.DMA_GetFIFOStatus), (12 bytes).
    Removing stm32f4xx_dma.o(i.DMA_GetFlagStatus), (68 bytes).
    Removing stm32f4xx_dma.o(i.DMA_GetITStatus), (100 bytes).
    Removing stm32f4xx_dma.o(i.DMA_ITConfig), (58 bytes).
    Removing stm32f4xx_dma.o(i.DMA_MemoryTargetConfig), (10 bytes).
    Removing stm32f4xx_dma.o(i.DMA_PeriphIncOffsetSizeConfig), (22 bytes).
    Removing stm32f4xx_flash.o(.rev16_text), (4 bytes).
    Removing stm32f4xx_flash.o(.revsh_text), (4 bytes).
    Removing stm32f4xx_flash.o(.rrx_text), (6 bytes).
    Removing stm32f4xx_flash.o(i.FLASH_ClearFlag), (12 bytes).
    Removing stm32f4xx_flash.o(i.FLASH_DataCacheCmd), (36 bytes).
    Removing stm32f4xx_flash.o(i.FLASH_DataCacheReset), (20 bytes).
    Removing stm32f4xx_flash.o(i.FLASH_EraseAllBank1Sectors), (108 bytes).
    Removing stm32f4xx_flash.o(i.FLASH_EraseAllBank2Sectors), (108 bytes).
    Removing stm32f4xx_flash.o(i.FLASH_EraseAllSectors), (108 bytes).
    Removing stm32f4xx_flash.o(i.FLASH_EraseSector), (136 bytes).
    Removing stm32f4xx_flash.o(i.FLASH_GetFlagStatus), (24 bytes).
    Removing stm32f4xx_flash.o(i.FLASH_GetStatus), (84 bytes).
    Removing stm32f4xx_flash.o(i.FLASH_ITConfig), (32 bytes).
    Removing stm32f4xx_flash.o(i.FLASH_InstructionCacheCmd), (36 bytes).
    Removing stm32f4xx_flash.o(i.FLASH_InstructionCacheReset), (20 bytes).
    Removing stm32f4xx_flash.o(i.FLASH_Lock), (20 bytes).
    Removing stm32f4xx_flash.o(i.FLASH_OB_BORConfig), (28 bytes).
    Removing stm32f4xx_flash.o(i.FLASH_OB_BootConfig), (28 bytes).
    Removing stm32f4xx_flash.o(i.FLASH_OB_GetBOR), (16 bytes).
    Removing stm32f4xx_flash.o(i.FLASH_OB_GetPCROP), (12 bytes).
    Removing stm32f4xx_flash.o(i.FLASH_OB_GetPCROP1), (12 bytes).
    Removing stm32f4xx_flash.o(i.FLASH_OB_GetRDP), (24 bytes).
    Removing stm32f4xx_flash.o(i.FLASH_OB_GetUser), (16 bytes).
    Removing stm32f4xx_flash.o(i.FLASH_OB_GetWRP), (12 bytes).
    Removing stm32f4xx_flash.o(i.FLASH_OB_GetWRP1), (12 bytes).
    Removing stm32f4xx_flash.o(i.FLASH_OB_Launch), (32 bytes).
    Removing stm32f4xx_flash.o(i.FLASH_OB_Lock), (20 bytes).
    Removing stm32f4xx_flash.o(i.FLASH_OB_PCROP1Config), (52 bytes).
    Removing stm32f4xx_flash.o(i.FLASH_OB_PCROPConfig), (52 bytes).
    Removing stm32f4xx_flash.o(i.FLASH_OB_PCROPSelectionConfig), (24 bytes).
    Removing stm32f4xx_flash.o(i.FLASH_OB_RDPConfig), (28 bytes).
    Removing stm32f4xx_flash.o(i.FLASH_OB_Unlock), (36 bytes).
    Removing stm32f4xx_flash.o(i.FLASH_OB_UserConfig), (48 bytes).
    Removing stm32f4xx_flash.o(i.FLASH_OB_WRP1Config), (52 bytes).
    Removing stm32f4xx_flash.o(i.FLASH_OB_WRPConfig), (52 bytes).
    Removing stm32f4xx_flash.o(i.FLASH_PrefetchBufferCmd), (36 bytes).
    Removing stm32f4xx_flash.o(i.FLASH_ProgramByte), (76 bytes).
    Removing stm32f4xx_flash.o(i.FLASH_ProgramDoubleWord), (84 bytes).
    Removing stm32f4xx_flash.o(i.FLASH_ProgramHalfWord), (80 bytes).
    Removing stm32f4xx_flash.o(i.FLASH_ProgramWord), (80 bytes).
    Removing stm32f4xx_flash.o(i.FLASH_SetLatency), (12 bytes).
    Removing stm32f4xx_flash.o(i.FLASH_Unlock), (36 bytes).
    Removing stm32f4xx_flash.o(i.FLASH_WaitForLastOperation), (34 bytes).
    Removing stm32f4xx_gpio.o(.rev16_text), (4 bytes).
    Removing stm32f4xx_gpio.o(.revsh_text), (4 bytes).
    Removing stm32f4xx_gpio.o(.rrx_text), (6 bytes).
    Removing stm32f4xx_gpio.o(i.GPIO_DeInit), (312 bytes).
    Removing stm32f4xx_gpio.o(i.GPIO_PinLockConfig), (34 bytes).
    Removing stm32f4xx_gpio.o(i.GPIO_ReadInputData), (8 bytes).
    Removing stm32f4xx_gpio.o(i.GPIO_ReadOutputData), (8 bytes).
    Removing stm32f4xx_gpio.o(i.GPIO_ReadOutputDataBit), (18 bytes).
    Removing stm32f4xx_gpio.o(i.GPIO_StructInit), (18 bytes).
    Removing stm32f4xx_gpio.o(i.GPIO_ToggleBits), (8 bytes).
    Removing stm32f4xx_gpio.o(i.GPIO_Write), (4 bytes).
    Removing stm32f4xx_gpio.o(i.GPIO_WriteBit), (10 bytes).
    Removing stm32f4xx_i2c.o(.rev16_text), (4 bytes).
    Removing stm32f4xx_i2c.o(.revsh_text), (4 bytes).
    Removing stm32f4xx_i2c.o(.rrx_text), (6 bytes).
    Removing stm32f4xx_i2c.o(i.I2C_ARPCmd), (24 bytes).
    Removing stm32f4xx_i2c.o(i.I2C_AcknowledgeConfig), (24 bytes).
    Removing stm32f4xx_i2c.o(i.I2C_AnalogFilterCmd), (24 bytes).
    Removing stm32f4xx_i2c.o(i.I2C_CalculatePEC), (24 bytes).
    Removing stm32f4xx_i2c.o(i.I2C_CheckEvent), (42 bytes).
    Removing stm32f4xx_i2c.o(i.I2C_ClearFlag), (12 bytes).
    Removing stm32f4xx_i2c.o(i.I2C_ClearITPendingBit), (12 bytes).
    Removing stm32f4xx_i2c.o(i.I2C_Cmd), (24 bytes).
    Removing stm32f4xx_i2c.o(i.I2C_DMACmd), (24 bytes).
    Removing stm32f4xx_i2c.o(i.I2C_DMALastTransferCmd), (24 bytes).
    Removing stm32f4xx_i2c.o(i.I2C_DeInit), (96 bytes).
    Removing stm32f4xx_i2c.o(i.I2C_DigitalFilterConfig), (22 bytes).
    Removing stm32f4xx_i2c.o(i.I2C_DualAddressCmd), (24 bytes).
    Removing stm32f4xx_i2c.o(i.I2C_FastModeDutyCycleConfig), (28 bytes).
    Removing stm32f4xx_i2c.o(i.I2C_GeneralCallCmd), (24 bytes).
    Removing stm32f4xx_i2c.o(i.I2C_GenerateSTART), (24 bytes).
    Removing stm32f4xx_i2c.o(i.I2C_GenerateSTOP), (24 bytes).
    Removing stm32f4xx_i2c.o(i.I2C_GetFlagStatus), (58 bytes).
    Removing stm32f4xx_i2c.o(i.I2C_GetITStatus), (38 bytes).
    Removing stm32f4xx_i2c.o(i.I2C_GetLastEvent), (26 bytes).
    Removing stm32f4xx_i2c.o(i.I2C_GetPEC), (8 bytes).
    Removing stm32f4xx_i2c.o(i.I2C_ITConfig), (18 bytes).
    Removing stm32f4xx_i2c.o(i.I2C_Init), (232 bytes).
    Removing stm32f4xx_i2c.o(i.I2C_NACKPositionConfig), (28 bytes).
    Removing stm32f4xx_i2c.o(i.I2C_OwnAddress2Config), (22 bytes).
    Removing stm32f4xx_i2c.o(i.I2C_PECPositionConfig), (28 bytes).
    Removing stm32f4xx_i2c.o(i.I2C_ReadRegister), (22 bytes).
    Removing stm32f4xx_i2c.o(i.I2C_ReceiveData), (8 bytes).
    Removing stm32f4xx_i2c.o(i.I2C_SMBusAlertConfig), (28 bytes).
    Removing stm32f4xx_i2c.o(i.I2C_Send7bitAddress), (16 bytes).
    Removing stm32f4xx_i2c.o(i.I2C_SendData), (4 bytes).
    Removing stm32f4xx_i2c.o(i.I2C_SoftwareResetCmd), (22 bytes).
    Removing stm32f4xx_i2c.o(i.I2C_StretchClockCmd), (24 bytes).
    Removing stm32f4xx_i2c.o(i.I2C_StructInit), (30 bytes).
    Removing stm32f4xx_i2c.o(i.I2C_TransmitPEC), (24 bytes).
    Removing stm32f4xx_rcc.o(.rev16_text), (4 bytes).
    Removing stm32f4xx_rcc.o(.revsh_text), (4 bytes).
    Removing stm32f4xx_rcc.o(.rrx_text), (6 bytes).
    Removing stm32f4xx_rcc.o(i.RCC_AHB1PeriphClockLPModeCmd), (32 bytes).
    Removing stm32f4xx_rcc.o(i.RCC_AHB1PeriphResetCmd), (32 bytes).
    Removing stm32f4xx_rcc.o(i.RCC_AHB2PeriphClockCmd), (32 bytes).
    Removing stm32f4xx_rcc.o(i.RCC_AHB2PeriphClockLPModeCmd), (32 bytes).
    Removing stm32f4xx_rcc.o(i.RCC_AHB2PeriphResetCmd), (32 bytes).
    Removing stm32f4xx_rcc.o(i.RCC_AHB3PeriphClockCmd), (32 bytes).
    Removing stm32f4xx_rcc.o(i.RCC_AHB3PeriphClockLPModeCmd), (32 bytes).
    Removing stm32f4xx_rcc.o(i.RCC_AHB3PeriphResetCmd), (32 bytes).
    Removing stm32f4xx_rcc.o(i.RCC_APB1PeriphClockCmd), (32 bytes).
    Removing stm32f4xx_rcc.o(i.RCC_APB1PeriphClockLPModeCmd), (32 bytes).
    Removing stm32f4xx_rcc.o(i.RCC_APB1PeriphResetCmd), (32 bytes).
    Removing stm32f4xx_rcc.o(i.RCC_APB2PeriphClockLPModeCmd), (32 bytes).
    Removing stm32f4xx_rcc.o(i.RCC_APB2PeriphResetCmd), (32 bytes).
    Removing stm32f4xx_rcc.o(i.RCC_AdjustHSICalibrationValue), (24 bytes).
    Removing stm32f4xx_rcc.o(i.RCC_BackupResetCmd), (12 bytes).
    Removing stm32f4xx_rcc.o(i.RCC_ClearFlag), (20 bytes).
    Removing stm32f4xx_rcc.o(i.RCC_ClearITPendingBit), (12 bytes).
    Removing stm32f4xx_rcc.o(i.RCC_ClockSecuritySystemCmd), (12 bytes).
    Removing stm32f4xx_rcc.o(i.RCC_DeInit), (100 bytes).
    Removing stm32f4xx_rcc.o(i.RCC_GetFlagStatus), (64 bytes).
    Removing stm32f4xx_rcc.o(i.RCC_GetITStatus), (24 bytes).
    Removing stm32f4xx_rcc.o(i.RCC_GetSYSCLKSource), (16 bytes).
    Removing stm32f4xx_rcc.o(i.RCC_HCLKConfig), (24 bytes).
    Removing stm32f4xx_rcc.o(i.RCC_HSEConfig), (16 bytes).
    Removing stm32f4xx_rcc.o(i.RCC_HSICmd), (12 bytes).
    Removing stm32f4xx_rcc.o(i.RCC_I2SCLKConfig), (12 bytes).
    Removing stm32f4xx_rcc.o(i.RCC_ITConfig), (32 bytes).
    Removing stm32f4xx_rcc.o(i.RCC_LSEConfig), (44 bytes).
    Removing stm32f4xx_rcc.o(i.RCC_LSEModeConfig), (36 bytes).
    Removing stm32f4xx_rcc.o(i.RCC_LSICmd), (12 bytes).
    Removing stm32f4xx_rcc.o(i.RCC_LTDCCLKDivConfig), (24 bytes).
    Removing stm32f4xx_rcc.o(i.RCC_MCO1Config), (28 bytes).
    Removing stm32f4xx_rcc.o(i.RCC_MCO2Config), (28 bytes).
    Removing stm32f4xx_rcc.o(i.RCC_PCLK1Config), (24 bytes).
    Removing stm32f4xx_rcc.o(i.RCC_PCLK2Config), (24 bytes).
    Removing stm32f4xx_rcc.o(i.RCC_PLLCmd), (12 bytes).
    Removing stm32f4xx_rcc.o(i.RCC_PLLConfig), (36 bytes).
    Removing stm32f4xx_rcc.o(i.RCC_PLLI2SCmd), (12 bytes).
    Removing stm32f4xx_rcc.o(i.RCC_PLLI2SConfig), (16 bytes).
    Removing stm32f4xx_rcc.o(i.RCC_PLLSAICmd), (12 bytes).
    Removing stm32f4xx_rcc.o(i.RCC_PLLSAIConfig), (24 bytes).
    Removing stm32f4xx_rcc.o(i.RCC_RTCCLKCmd), (12 bytes).
    Removing stm32f4xx_rcc.o(i.RCC_RTCCLKConfig), (60 bytes).
    Removing stm32f4xx_rcc.o(i.RCC_SAIBlockACLKConfig), (24 bytes).
    Removing stm32f4xx_rcc.o(i.RCC_SAIBlockBCLKConfig), (24 bytes).
    Removing stm32f4xx_rcc.o(i.RCC_SAIPLLI2SClkDivConfig), (28 bytes).
    Removing stm32f4xx_rcc.o(i.RCC_SAIPLLSAIClkDivConfig), (28 bytes).
    Removing stm32f4xx_rcc.o(i.RCC_SYSCLKConfig), (24 bytes).
    Removing stm32f4xx_rcc.o(i.RCC_TIMCLKPresConfig), (12 bytes).
    Removing stm32f4xx_rcc.o(i.RCC_WaitForHSEStartUp), (56 bytes).
    Removing stm32f4xx_rtc.o(.rev16_text), (4 bytes).
    Removing stm32f4xx_rtc.o(.revsh_text), (4 bytes).
    Removing stm32f4xx_rtc.o(.rrx_text), (6 bytes).
    Removing stm32f4xx_rtc.o(i.RTC_AlarmCmd), (116 bytes).
    Removing stm32f4xx_rtc.o(i.RTC_AlarmStructInit), (22 bytes).
    Removing stm32f4xx_rtc.o(i.RTC_AlarmSubSecondConfig), (52 bytes).
    Removing stm32f4xx_rtc.o(i.RTC_Bcd2ToByte), (22 bytes).
    Removing stm32f4xx_rtc.o(i.RTC_BypassShadowCmd), (60 bytes).
    Removing stm32f4xx_rtc.o(i.RTC_ByteToBcd2), (28 bytes).
    Removing stm32f4xx_rtc.o(i.RTC_CalibOutputCmd), (60 bytes).
    Removing stm32f4xx_rtc.o(i.RTC_CalibOutputConfig), (48 bytes).
    Removing stm32f4xx_rtc.o(i.RTC_ClearFlag), (28 bytes).
    Removing stm32f4xx_rtc.o(i.RTC_ClearITPendingBit), (32 bytes).
    Removing stm32f4xx_rtc.o(i.RTC_CoarseCalibCmd), (80 bytes).
    Removing stm32f4xx_rtc.o(i.RTC_CoarseCalibConfig), (56 bytes).
    Removing stm32f4xx_rtc.o(i.RTC_DateStructInit), (14 bytes).
    Removing stm32f4xx_rtc.o(i.RTC_DayLightSavingConfig), (56 bytes).
    Removing stm32f4xx_rtc.o(i.RTC_DeInit), (212 bytes).
    Removing stm32f4xx_rtc.o(i.RTC_EnterInitMode), (80 bytes).
    Removing stm32f4xx_rtc.o(i.RTC_ExitInitMode), (20 bytes).
    Removing stm32f4xx_rtc.o(i.RTC_GetAlarm), (116 bytes).
    Removing stm32f4xx_rtc.o(i.RTC_GetAlarmSubSecond), (36 bytes).
    Removing stm32f4xx_rtc.o(i.RTC_GetDate), (76 bytes).
    Removing stm32f4xx_rtc.o(i.RTC_GetFlagStatus), (40 bytes).
    Removing stm32f4xx_rtc.o(i.RTC_GetITStatus), (64 bytes).
    Removing stm32f4xx_rtc.o(i.RTC_GetStoreOperation), (16 bytes).
    Removing stm32f4xx_rtc.o(i.RTC_GetSubSecond), (20 bytes).
    Removing stm32f4xx_rtc.o(i.RTC_GetTime), (80 bytes).
    Removing stm32f4xx_rtc.o(i.RTC_GetTimeStamp), (156 bytes).
    Removing stm32f4xx_rtc.o(i.RTC_GetTimeStampSubSecond), (12 bytes).
    Removing stm32f4xx_rtc.o(i.RTC_GetWakeUpCounter), (12 bytes).
    Removing stm32f4xx_rtc.o(i.RTC_ITConfig), (100 bytes).
    Removing stm32f4xx_rtc.o(i.RTC_Init), (100 bytes).
    Removing stm32f4xx_rtc.o(i.RTC_OutputConfig), (56 bytes).
    Removing stm32f4xx_rtc.o(i.RTC_OutputTypeConfig), (28 bytes).
    Removing stm32f4xx_rtc.o(i.RTC_ReadBackupRegister), (32 bytes).
    Removing stm32f4xx_rtc.o(i.RTC_RefClockCmd), (80 bytes).
    Removing stm32f4xx_rtc.o(i.RTC_SetAlarm), (236 bytes).
    Removing stm32f4xx_rtc.o(i.RTC_SetDate), (200 bytes).
    Removing stm32f4xx_rtc.o(i.RTC_SetTime), (208 bytes).
    Removing stm32f4xx_rtc.o(i.RTC_SetWakeUpCounter), (28 bytes).
    Removing stm32f4xx_rtc.o(i.RTC_SmoothCalibConfig), (96 bytes).
    Removing stm32f4xx_rtc.o(i.RTC_StructInit), (14 bytes).
    Removing stm32f4xx_rtc.o(i.RTC_SynchroShiftConfig), (124 bytes).
    Removing stm32f4xx_rtc.o(i.RTC_TamperCmd), (32 bytes).
    Removing stm32f4xx_rtc.o(i.RTC_TamperFilterConfig), (28 bytes).
    Removing stm32f4xx_rtc.o(i.RTC_TamperPinSelection), (28 bytes).
    Removing stm32f4xx_rtc.o(i.RTC_TamperPinsPrechargeDuration), (28 bytes).
    Removing stm32f4xx_rtc.o(i.RTC_TamperPullUpCmd), (36 bytes).
    Removing stm32f4xx_rtc.o(i.RTC_TamperSamplingFreqConfig), (28 bytes).
    Removing stm32f4xx_rtc.o(i.RTC_TamperTriggerConfig), (36 bytes).
    Removing stm32f4xx_rtc.o(i.RTC_TimeStampCmd), (56 bytes).
    Removing stm32f4xx_rtc.o(i.RTC_TimeStampOnTamperDetectionCmd), (36 bytes).
    Removing stm32f4xx_rtc.o(i.RTC_TimeStampPinSelection), (28 bytes).
    Removing stm32f4xx_rtc.o(i.RTC_TimeStructInit), (12 bytes).
    Removing stm32f4xx_rtc.o(i.RTC_WaitForSynchro), (96 bytes).
    Removing stm32f4xx_rtc.o(i.RTC_WakeUpClockConfig), (48 bytes).
    Removing stm32f4xx_rtc.o(i.RTC_WakeUpCmd), (120 bytes).
    Removing stm32f4xx_rtc.o(i.RTC_WriteBackupRegister), (28 bytes).
    Removing stm32f4xx_rtc.o(i.RTC_WriteProtectionCmd), (28 bytes).
    Removing stm32f4xx_spi.o(.rev16_text), (4 bytes).
    Removing stm32f4xx_spi.o(.revsh_text), (4 bytes).
    Removing stm32f4xx_spi.o(.rrx_text), (6 bytes).
    Removing stm32f4xx_spi.o(i.I2S_Cmd), (24 bytes).
    Removing stm32f4xx_spi.o(i.I2S_FullDuplexConfig), (80 bytes).
    Removing stm32f4xx_spi.o(i.I2S_Init), (408 bytes).
    Removing stm32f4xx_spi.o(i.I2S_StructInit), (20 bytes).
    Removing stm32f4xx_spi.o(i.SPI_BiDirectionalLineConfig), (28 bytes).
    Removing stm32f4xx_spi.o(i.SPI_CalculateCRC), (24 bytes).
    Removing stm32f4xx_spi.o(i.SPI_Cmd), (24 bytes).
    Removing stm32f4xx_spi.o(i.SPI_DataSizeConfig), (18 bytes).
    Removing stm32f4xx_spi.o(i.SPI_GetCRC), (16 bytes).
    Removing stm32f4xx_spi.o(i.SPI_GetCRCPolynomial), (6 bytes).
    Removing stm32f4xx_spi.o(i.SPI_I2S_ClearFlag), (6 bytes).
    Removing stm32f4xx_spi.o(i.SPI_I2S_ClearITPendingBit), (20 bytes).
    Removing stm32f4xx_spi.o(i.SPI_I2S_DMACmd), (18 bytes).
    Removing stm32f4xx_spi.o(i.SPI_I2S_DeInit), (176 bytes).
    Removing stm32f4xx_spi.o(i.SPI_I2S_GetFlagStatus), (18 bytes).
    Removing stm32f4xx_spi.o(i.SPI_I2S_GetITStatus), (52 bytes).
    Removing stm32f4xx_spi.o(i.SPI_I2S_ITConfig), (32 bytes).
    Removing stm32f4xx_spi.o(i.SPI_I2S_ReceiveData), (6 bytes).
    Removing stm32f4xx_spi.o(i.SPI_I2S_SendData), (4 bytes).
    Removing stm32f4xx_spi.o(i.SPI_Init), (60 bytes).
    Removing stm32f4xx_spi.o(i.SPI_NSSInternalSoftwareConfig), (30 bytes).
    Removing stm32f4xx_spi.o(i.SPI_SSOutputCmd), (24 bytes).
    Removing stm32f4xx_spi.o(i.SPI_StructInit), (24 bytes).
    Removing stm32f4xx_spi.o(i.SPI_TIModeCmd), (24 bytes).
    Removing stm32f4xx_spi.o(i.SPI_TransmitCRC), (10 bytes).
    Removing stm32f4xx_usart.o(.rev16_text), (4 bytes).
    Removing stm32f4xx_usart.o(.revsh_text), (4 bytes).
    Removing stm32f4xx_usart.o(.rrx_text), (6 bytes).
    Removing stm32f4xx_usart.o(i.USART_ClockInit), (32 bytes).
    Removing stm32f4xx_usart.o(i.USART_ClockStructInit), (12 bytes).
    Removing stm32f4xx_usart.o(i.USART_DeInit), (240 bytes).
    Removing stm32f4xx_usart.o(i.USART_GetITStatus), (84 bytes).
    Removing stm32f4xx_usart.o(i.USART_HalfDuplexCmd), (24 bytes).
    Removing stm32f4xx_usart.o(i.USART_IrDACmd), (24 bytes).
    Removing stm32f4xx_usart.o(i.USART_IrDAConfig), (18 bytes).
    Removing stm32f4xx_usart.o(i.USART_LINBreakDetectLengthConfig), (18 bytes).
    Removing stm32f4xx_usart.o(i.USART_LINCmd), (24 bytes).
    Removing stm32f4xx_usart.o(i.USART_OneBitMethodCmd), (24 bytes).
    Removing stm32f4xx_usart.o(i.USART_OverSampling8Cmd), (22 bytes).
    Removing stm32f4xx_usart.o(i.USART_ReceiverWakeUpCmd), (24 bytes).
    Removing stm32f4xx_usart.o(i.USART_SendBreak), (10 bytes).
    Removing stm32f4xx_usart.o(i.USART_SetAddress), (18 bytes).
    Removing stm32f4xx_usart.o(i.USART_SetGuardTime), (16 bytes).
    Removing stm32f4xx_usart.o(i.USART_SetPrescaler), (16 bytes).
    Removing stm32f4xx_usart.o(i.USART_SmartCardCmd), (24 bytes).
    Removing stm32f4xx_usart.o(i.USART_SmartCardNACKCmd), (24 bytes).
    Removing stm32f4xx_usart.o(i.USART_StructInit), (24 bytes).
    Removing stm32f4xx_usart.o(i.USART_WakeUpConfig), (18 bytes).
    Removing stm32f4xx_fsmc.o(.rev16_text), (4 bytes).
    Removing stm32f4xx_fsmc.o(.revsh_text), (4 bytes).
    Removing stm32f4xx_fsmc.o(.rrx_text), (6 bytes).
    Removing stm32f4xx_fsmc.o(i.FSMC_ClearFlag), (64 bytes).
    Removing stm32f4xx_fsmc.o(i.FSMC_ClearITPendingBit), (72 bytes).
    Removing stm32f4xx_fsmc.o(i.FSMC_GetECC), (28 bytes).
    Removing stm32f4xx_fsmc.o(i.FSMC_GetFlagStatus), (56 bytes).
    Removing stm32f4xx_fsmc.o(i.FSMC_GetITStatus), (68 bytes).
    Removing stm32f4xx_fsmc.o(i.FSMC_ITConfig), (128 bytes).
    Removing stm32f4xx_fsmc.o(i.FSMC_NANDCmd), (92 bytes).
    Removing stm32f4xx_fsmc.o(i.FSMC_NANDDeInit), (68 bytes).
    Removing stm32f4xx_fsmc.o(i.FSMC_NANDECCCmd), (92 bytes).
    Removing stm32f4xx_fsmc.o(i.FSMC_NANDInit), (212 bytes).
    Removing stm32f4xx_fsmc.o(i.FSMC_NANDStructInit), (54 bytes).
    Removing stm32f4xx_fsmc.o(i.FSMC_NORSRAMCmd), (52 bytes).
    Removing stm32f4xx_fsmc.o(i.FSMC_NORSRAMDeInit), (54 bytes).
    Removing stm32f4xx_fsmc.o(i.FSMC_NORSRAMInit), (296 bytes).
    Removing stm32f4xx_fsmc.o(i.FSMC_NORSRAMStructInit), (52 bytes).
    Removing stm32f4xx_fsmc.o(i.FSMC_PCCARDCmd), (48 bytes).
    Removing stm32f4xx_fsmc.o(i.FSMC_PCCARDDeInit), (40 bytes).
    Removing stm32f4xx_fsmc.o(i.FSMC_PCCARDInit), (196 bytes).
    Removing stm32f4xx_fsmc.o(i.FSMC_PCCARDStructInit), (60 bytes).
    Removing stm32f4xx_fsmc.o(.constdata), (28 bytes).
    Removing systick.o(.rev16_text), (4 bytes).
    Removing systick.o(.revsh_text), (4 bytes).
    Removing systick.o(.rrx_text), (6 bytes).
    Removing systick.o(i.delay_ms), (56 bytes).
    Removing systick.o(i.delay_nms), (76 bytes).
    Removing system.o(.rev16_text), (4 bytes).
    Removing system.o(.revsh_text), (4 bytes).
    Removing system.o(.rrx_text), (6 bytes).
    Removing usart.o(.rev16_text), (4 bytes).
    Removing usart.o(.revsh_text), (4 bytes).
    Removing usart.o(.rrx_text), (6 bytes).
    Removing iic.o(.rev16_text), (4 bytes).
    Removing iic.o(.revsh_text), (4 bytes).
    Removing iic.o(.rrx_text), (6 bytes).
    Removing iic.o(i.IIC_SDAInputMode), (48 bytes).
    Removing iic.o(i.IIC_SDAOutMode), (44 bytes).
    Removing at24c02.o(.rev16_text), (4 bytes).
    Removing at24c02.o(.revsh_text), (4 bytes).
    Removing at24c02.o(.rrx_text), (6 bytes).
    Removing at24c02.o(i.AT24C02_ReadByte), (68 bytes).
    Removing at24c02.o(i.AT24C02_WriteByte), (72 bytes).
    Removing at24c02.o(i.AT24C02_WritePage), (98 bytes).
    Removing spi.o(.rev16_text), (4 bytes).
    Removing spi.o(.revsh_text), (4 bytes).
    Removing spi.o(.rrx_text), (6 bytes).
    Removing spi.o(i.FLASH_SPI_Init), (100 bytes).
    Removing spi.o(i.SPI1_ReadBytes), (28 bytes).
    Removing spi.o(i.SPI1_ReadWriteByte), (56 bytes).
    Removing spi.o(i.SPI1_WriteBytes), (26 bytes).
    Removing spi.o(i.SPI_PortInit), (104 bytes).
    Removing w25q128.o(.rev16_text), (4 bytes).
    Removing w25q128.o(.revsh_text), (4 bytes).
    Removing w25q128.o(.rrx_text), (6 bytes).
    Removing w25q128.o(i.W25Q128_Disable), (40 bytes).
    Removing w25q128.o(i.W25Q128_Enable), (40 bytes).
    Removing w25q128.o(i.W25Q128_Erase64K), (84 bytes).
    Removing w25q128.o(i.W25Q128_Init), (24 bytes).
    Removing w25q128.o(i.W25Q128_PageProgram), (96 bytes).
    Removing w25q128.o(i.W25Q128_ReadData), (92 bytes).
    Removing w25q128.o(i.W25Q128_WaitBusy), (52 bytes).
    Removing fmc.o(.rev16_text), (4 bytes).
    Removing fmc.o(.revsh_text), (4 bytes).
    Removing fmc.o(.rrx_text), (6 bytes).
    Removing fmc.o(i.FLASH_Erase), (36 bytes).
    Removing fmc.o(i.FLASH_Write), (42 bytes).
    Removing boot.o(.rev16_text), (4 bytes).
    Removing boot.o(.revsh_text), (4 bytes).
    Removing boot.o(.rrx_text), (6 bytes).
    Removing boot.o(i.BootLoader_Clear), (36 bytes).
    Removing startup_stm32f40_41xxx.o(HEAP), (512 bytes).
    Removing system_stm32f4xx.o(.rev16_text), (4 bytes).
    Removing system_stm32f4xx.o(.revsh_text), (4 bytes).
    Removing system_stm32f4xx.o(.rrx_text), (6 bytes).
    Removing system_stm32f4xx.o(i.SystemCoreClockUpdate), (192 bytes).
    Removing system_stm32f4xx.o(.data), (20 bytes).

364 unused section(s) (total 14772 bytes) removed from the image.

==============================================================================

Image Symbol Table

    Local Symbols

    Symbol Name                              Value     Ov Type        Size  Object(Section)

    ../clib/microlib/division.c              0x00000000   Number         0  uidiv.o ABSOLUTE
    ../clib/microlib/division.c              0x00000000   Number         0  uldiv.o ABSOLUTE
    ../clib/microlib/init/entry.s            0x00000000   Number         0  entry11b.o ABSOLUTE
    ../clib/microlib/init/entry.s            0x00000000   Number         0  entry10b.o ABSOLUTE
    ../clib/microlib/init/entry.s            0x00000000   Number         0  entry2.o ABSOLUTE
    ../clib/microlib/init/entry.s            0x00000000   Number         0  entry5.o ABSOLUTE
    ../clib/microlib/init/entry.s            0x00000000   Number         0  entry9a.o ABSOLUTE
    ../clib/microlib/init/entry.s            0x00000000   Number         0  entry.o ABSOLUTE
    ../clib/microlib/init/entry.s            0x00000000   Number         0  entry11a.o ABSOLUTE
    ../clib/microlib/init/entry.s            0x00000000   Number         0  entry12a.o ABSOLUTE
    ../clib/microlib/init/entry.s            0x00000000   Number         0  entry12b.o ABSOLUTE
    ../clib/microlib/init/entry.s            0x00000000   Number         0  entry10a.o ABSOLUTE
    ../clib/microlib/init/entry.s            0x00000000   Number         0  entry9b.o ABSOLUTE
    ../clib/microlib/init/entry.s            0x00000000   Number         0  entry8b.o ABSOLUTE
    ../clib/microlib/init/entry.s            0x00000000   Number         0  entry8a.o ABSOLUTE
    ../clib/microlib/init/entry.s            0x00000000   Number         0  entry7b.o ABSOLUTE
    ../clib/microlib/init/entry.s            0x00000000   Number         0  entry7a.o ABSOLUTE
    ../clib/microlib/longlong.c              0x00000000   Number         0  llshl.o ABSOLUTE
    ../clib/microlib/longlong.c              0x00000000   Number         0  llushr.o ABSOLUTE
    ../clib/microlib/longlong.c              0x00000000   Number         0  llsshr.o ABSOLUTE
    ../clib/microlib/printf/printf.c         0x00000000   Number         0  printfa.o ABSOLUTE
    ../clib/microlib/stdio/fputc.c           0x00000000   Number         0  fputc.o ABSOLUTE
    ../clib/microlib/stdio/semi.s            0x00000000   Number         0  semi.o ABSOLUTE
    ../clib/microlib/stdio/streams.c         0x00000000   Number         0  stdout.o ABSOLUTE
    ../clib/microlib/string/strlen.c         0x00000000   Number         0  strlen.o ABSOLUTE
    ../clib/microlib/stubs.s                 0x00000000   Number         0  iusesemip.o ABSOLUTE
    ../clib/microlib/stubs.s                 0x00000000   Number         0  iusefp.o ABSOLUTE
    ../fplib/microlib/fpadd.c                0x00000000   Number         0  dadd.o ABSOLUTE
    ../fplib/microlib/fpdiv.c                0x00000000   Number         0  ddiv.o ABSOLUTE
    ../fplib/microlib/fpepilogue.c           0x00000000   Number         0  depilogue.o ABSOLUTE
    ../fplib/microlib/fpfix.c                0x00000000   Number         0  dfixul.o ABSOLUTE
    ../fplib/microlib/fpmul.c                0x00000000   Number         0  dmul.o ABSOLUTE
    HW\AT24C02.c                             0x00000000   Number         0  at24c02.o ABSOLUTE
    HW\IIC.c                                 0x00000000   Number         0  iic.o ABSOLUTE
    HW\SPI.c                                 0x00000000   Number         0  spi.o ABSOLUTE
    HW\W25Q128.c                             0x00000000   Number         0  w25q128.o ABSOLUTE
    HW\\AT24C02.c                            0x00000000   Number         0  at24c02.o ABSOLUTE
    HW\\IIC.c                                0x00000000   Number         0  iic.o ABSOLUTE
    HW\\SPI.c                                0x00000000   Number         0  spi.o ABSOLUTE
    HW\\W25Q128.c                            0x00000000   Number         0  w25q128.o ABSOLUTE
    HW\\boot.c                               0x00000000   Number         0  boot.o ABSOLUTE
    HW\\fmc.c                                0x00000000   Number         0  fmc.o ABSOLUTE
    HW\\usart.c                              0x00000000   Number         0  usart.o ABSOLUTE
    HW\boot.c                                0x00000000   Number         0  boot.o ABSOLUTE
    HW\fmc.c                                 0x00000000   Number         0  fmc.o ABSOLUTE
    HW\usart.c                               0x00000000   Number         0  usart.o ABSOLUTE
    SYS\SysTick.c                            0x00000000   Number         0  systick.o ABSOLUTE
    SYS\\SysTick.c                           0x00000000   Number         0  systick.o ABSOLUTE
    SYS\\system.c                            0x00000000   Number         0  system.o ABSOLUTE
    SYS\system.c                             0x00000000   Number         0  system.o ABSOLUTE
    USER\\main.c                             0x00000000   Number         0  main.o ABSOLUTE
    USER\\stm32f4xx_it.c                     0x00000000   Number         0  stm32f4xx_it.o ABSOLUTE
    USER\main.c                              0x00000000   Number         0  main.o ABSOLUTE
    USER\stm32f4xx_it.c                      0x00000000   Number         0  stm32f4xx_it.o ABSOLUTE
    cdrcmple.s                               0x00000000   Number         0  cdrcmple.o ABSOLUTE
    dc.s                                     0x00000000   Number         0  dc.o ABSOLUTE
    handlers.s                               0x00000000   Number         0  handlers.o ABSOLUTE
    init.s                                   0x00000000   Number         0  init.o ABSOLUTE
    libraries\BSP_Driver\scr\misc.c          0x00000000   Number         0  misc.o ABSOLUTE
    libraries\BSP_Driver\scr\stm32f4xx_dma.c 0x00000000   Number         0  stm32f4xx_dma.o ABSOLUTE
    libraries\BSP_Driver\scr\stm32f4xx_flash.c 0x00000000   Number         0  stm32f4xx_flash.o ABSOLUTE
    libraries\BSP_Driver\scr\stm32f4xx_fsmc.c 0x00000000   Number         0  stm32f4xx_fsmc.o ABSOLUTE
    libraries\BSP_Driver\scr\stm32f4xx_gpio.c 0x00000000   Number         0  stm32f4xx_gpio.o ABSOLUTE
    libraries\BSP_Driver\scr\stm32f4xx_i2c.c 0x00000000   Number         0  stm32f4xx_i2c.o ABSOLUTE
    libraries\BSP_Driver\scr\stm32f4xx_rcc.c 0x00000000   Number         0  stm32f4xx_rcc.o ABSOLUTE
    libraries\BSP_Driver\scr\stm32f4xx_rtc.c 0x00000000   Number         0  stm32f4xx_rtc.o ABSOLUTE
    libraries\BSP_Driver\scr\stm32f4xx_spi.c 0x00000000   Number         0  stm32f4xx_spi.o ABSOLUTE
    libraries\BSP_Driver\scr\stm32f4xx_usart.c 0x00000000   Number         0  stm32f4xx_usart.o ABSOLUTE
    libraries\CMSIS\startup_stm32f40_41xxx.s 0x00000000   Number         0  startup_stm32f40_41xxx.o ABSOLUTE
    libraries\CMSIS\system_stm32f4xx.c       0x00000000   Number         0  system_stm32f4xx.o ABSOLUTE
    libraries\\BSP_Driver\\scr\\misc.c       0x00000000   Number         0  misc.o ABSOLUTE
    libraries\\BSP_Driver\\scr\\stm32f4xx_dma.c 0x00000000   Number         0  stm32f4xx_dma.o ABSOLUTE
    libraries\\BSP_Driver\\scr\\stm32f4xx_flash.c 0x00000000   Number         0  stm32f4xx_flash.o ABSOLUTE
    libraries\\BSP_Driver\\scr\\stm32f4xx_fsmc.c 0x00000000   Number         0  stm32f4xx_fsmc.o ABSOLUTE
    libraries\\BSP_Driver\\scr\\stm32f4xx_gpio.c 0x00000000   Number         0  stm32f4xx_gpio.o ABSOLUTE
    libraries\\BSP_Driver\\scr\\stm32f4xx_i2c.c 0x00000000   Number         0  stm32f4xx_i2c.o ABSOLUTE
    libraries\\BSP_Driver\\scr\\stm32f4xx_rcc.c 0x00000000   Number         0  stm32f4xx_rcc.o ABSOLUTE
    libraries\\BSP_Driver\\scr\\stm32f4xx_rtc.c 0x00000000   Number         0  stm32f4xx_rtc.o ABSOLUTE
    libraries\\BSP_Driver\\scr\\stm32f4xx_spi.c 0x00000000   Number         0  stm32f4xx_spi.o ABSOLUTE
    libraries\\BSP_Driver\\scr\\stm32f4xx_usart.c 0x00000000   Number         0  stm32f4xx_usart.o ABSOLUTE
    libraries\\CMSIS\\system_stm32f4xx.c     0x00000000   Number         0  system_stm32f4xx.o ABSOLUTE
    RESET                                    0x08000000   Section      392  startup_stm32f40_41xxx.o(RESET)
    .ARM.Collect$$$$00000000                 0x08000188   Section        0  entry.o(.ARM.Collect$$$$00000000)
    .ARM.Collect$$$$00000001                 0x08000188   Section        4  entry2.o(.ARM.Collect$$$$00000001)
    .ARM.Collect$$$$00000004                 0x0800018c   Section        4  entry5.o(.ARM.Collect$$$$00000004)
    .ARM.Collect$$$$00000008                 0x08000190   Section        0  entry7b.o(.ARM.Collect$$$$00000008)
    .ARM.Collect$$$$0000000A                 0x08000190   Section        0  entry8b.o(.ARM.Collect$$$$0000000A)
    .ARM.Collect$$$$0000000B                 0x08000190   Section        8  entry9a.o(.ARM.Collect$$$$0000000B)
    .ARM.Collect$$$$0000000E                 0x08000198   Section        4  entry12b.o(.ARM.Collect$$$$0000000E)
    .ARM.Collect$$$$0000000F                 0x0800019c   Section        0  entry10a.o(.ARM.Collect$$$$0000000F)
    .ARM.Collect$$$$00000011                 0x0800019c   Section        0  entry11a.o(.ARM.Collect$$$$00000011)
    .ARM.Collect$$$$00002712                 0x0800019c   Section        4  entry2.o(.ARM.Collect$$$$00002712)
    __lit__00000000                          0x0800019c   Data           4  entry2.o(.ARM.Collect$$$$00002712)
    .emb_text                                0x080001a0   Section        6  boot.o(.emb_text)
    $v0                                      0x080001a0   Number         0  boot.o(.emb_text)
    .text                                    0x080001a8   Section       36  startup_stm32f40_41xxx.o(.text)
    $v0                                      0x080001a8   Number         0  startup_stm32f40_41xxx.o(.text)
    .text                                    0x080001cc   Section        0  strlen.o(.text)
    .text                                    0x080001da   Section        0  uidiv.o(.text)
    .text                                    0x08000206   Section        0  uldiv.o(.text)
    .text                                    0x08000268   Section        0  dadd.o(.text)
    .text                                    0x08000268   Section        0  iusefp.o(.text)
    .text                                    0x080003b6   Section        0  dmul.o(.text)
    .text                                    0x0800049a   Section        0  ddiv.o(.text)
    .text                                    0x08000578   Section        0  dfixul.o(.text)
    .text                                    0x080005a8   Section       48  cdrcmple.o(.text)
    .text                                    0x080005d8   Section       36  init.o(.text)
    .text                                    0x080005fc   Section        0  llshl.o(.text)
    .text                                    0x0800061a   Section        0  llushr.o(.text)
    .text                                    0x0800063a   Section        0  llsshr.o(.text)
    .text                                    0x0800065e   Section        0  depilogue.o(.text)
    i.AT24C02_Init                           0x08000718   Section        0  at24c02.o(i.AT24C02_Init)
    i.AT24C02_ReadBytes                      0x08000720   Section        0  at24c02.o(i.AT24C02_ReadBytes)
    i.AT24C02_Read_OTA_Info                  0x08000784   Section        0  at24c02.o(i.AT24C02_Read_OTA_Info)
    i.BootLoader_Branch                      0x0800079c   Section        0  boot.o(i.BootLoader_Branch)
    i.BusFault_Handler                       0x080007e4   Section        0  stm32f4xx_it.o(i.BusFault_Handler)
    i.DMA_Cmd                                0x080007e8   Section        0  stm32f4xx_dma.o(i.DMA_Cmd)
    i.DMA_DeInit                             0x08000800   Section        0  stm32f4xx_dma.o(i.DMA_DeInit)
    i.DMA_GetCurrDataCounter                 0x08000958   Section        0  stm32f4xx_dma.o(i.DMA_GetCurrDataCounter)
    i.DMA_Init                               0x08000960   Section        0  stm32f4xx_dma.o(i.DMA_Init)
    i.DMA_SetCurrDataCounter                 0x080009b8   Section        0  stm32f4xx_dma.o(i.DMA_SetCurrDataCounter)
    i.DMA_StructInit                         0x080009bc   Section        0  stm32f4xx_dma.o(i.DMA_StructInit)
    i.DebugMon_Handler                       0x080009de   Section        0  stm32f4xx_it.o(i.DebugMon_Handler)
    i.EEPROM_I2CInit                         0x080009e0   Section        0  iic.o(i.EEPROM_I2CInit)
    i.GPIO_Init                              0x08000a14   Section        0  stm32f4xx_gpio.o(i.GPIO_Init)
    i.GPIO_PinAFConfig                       0x08000aa4   Section        0  stm32f4xx_gpio.o(i.GPIO_PinAFConfig)
    i.GPIO_ReadInputDataBit                  0x08000aea   Section        0  stm32f4xx_gpio.o(i.GPIO_ReadInputDataBit)
    i.GPIO_ResetBits                         0x08000afc   Section        0  stm32f4xx_gpio.o(i.GPIO_ResetBits)
    i.GPIO_SetBits                           0x08000b00   Section        0  stm32f4xx_gpio.o(i.GPIO_SetBits)
    i.HardFault_Handler                      0x08000b04   Section        0  stm32f4xx_it.o(i.HardFault_Handler)
    i.IIC_ReadByte                           0x08000b08   Section        0  iic.o(i.IIC_ReadByte)
    i.IIC_SendAck                            0x08000b54   Section        0  iic.o(i.IIC_SendAck)
    i.IIC_SendByte                           0x08000b98   Section        0  iic.o(i.IIC_SendByte)
    i.IIC_SendNotAck                         0x08000c00   Section        0  iic.o(i.IIC_SendNotAck)
    i.IIC_Start                              0x08000c38   Section        0  iic.o(i.IIC_Start)
    i.IIC_Stop                               0x08000c74   Section        0  iic.o(i.IIC_Stop)
    i.IIC_WaitAck                            0x08000ca8   Section        0  iic.o(i.IIC_WaitAck)
    i.LOAD_A                                 0x08000d04   Section        0  boot.o(i.LOAD_A)
    i.MemManage_Handler                      0x08000d34   Section        0  stm32f4xx_it.o(i.MemManage_Handler)
    i.NMI_Handler                            0x08000d38   Section        0  stm32f4xx_it.o(i.NMI_Handler)
    i.NVIC_Init                              0x08000d3c   Section        0  misc.o(i.NVIC_Init)
    i.PendSV_Handler                         0x08000db4   Section        0  stm32f4xx_it.o(i.PendSV_Handler)
    i.RCC_AHB1PeriphClockCmd                 0x08000db8   Section        0  stm32f4xx_rcc.o(i.RCC_AHB1PeriphClockCmd)
    i.RCC_APB2PeriphClockCmd                 0x08000dd8   Section        0  stm32f4xx_rcc.o(i.RCC_APB2PeriphClockCmd)
    i.RCC_GetClocksFreq                      0x08000df8   Section        0  stm32f4xx_rcc.o(i.RCC_GetClocksFreq)
    i.SVC_Handler                            0x08000ee0   Section        0  stm32f4xx_it.o(i.SVC_Handler)
    i.SetSysClock                            0x08000ee4   Section        0  system_stm32f4xx.o(i.SetSysClock)
    SetSysClock                              0x08000ee5   Thumb Code   220  system_stm32f4xx.o(i.SetSysClock)
    i.SysTick_CLKSourceConfig                0x08000fd0   Section        0  misc.o(i.SysTick_CLKSourceConfig)
    i.SysTick_Handler                        0x08000ff8   Section        0  stm32f4xx_it.o(i.SysTick_Handler)
    i.SysTick_Init                           0x08000ffc   Section        0  systick.o(i.SysTick_Init)
    i.SystemInit                             0x08001038   Section        0  system_stm32f4xx.o(i.SystemInit)
    i.U1Rx_PrtInit                           0x080010a0   Section        0  usart.o(i.U1Rx_PrtInit)
    i.U1_printf                              0x080010c0   Section        0  usart.o(i.U1_printf)
    i.USART1_DMA_Init                        0x0800111c   Section        0  usart.o(i.USART1_DMA_Init)
    i.USART1_IRQHandler                      0x08001190   Section        0  stm32f4xx_it.o(i.USART1_IRQHandler)
    i.USART_ClearFlag                        0x0800124c   Section        0  stm32f4xx_usart.o(i.USART_ClearFlag)
    i.USART_ClearITPendingBit                0x0800125e   Section        0  stm32f4xx_usart.o(i.USART_ClearITPendingBit)
    i.USART_Cmd                              0x0800127c   Section        0  stm32f4xx_usart.o(i.USART_Cmd)
    i.USART_DMACmd                           0x08001294   Section        0  stm32f4xx_usart.o(i.USART_DMACmd)
    i.USART_GetFlagStatus                    0x080012a6   Section        0  stm32f4xx_usart.o(i.USART_GetFlagStatus)
    i.USART_ITConfig                         0x080012c0   Section        0  stm32f4xx_usart.o(i.USART_ITConfig)
    i.USART_Init                             0x0800130c   Section        0  stm32f4xx_usart.o(i.USART_Init)
    i.USART_ReceiveData                      0x080013e0   Section        0  stm32f4xx_usart.o(i.USART_ReceiveData)
    i.USART_SendData                         0x080013ea   Section        0  stm32f4xx_usart.o(i.USART_SendData)
    i.UsageFault_Handler                     0x080013f2   Section        0  stm32f4xx_it.o(i.UsageFault_Handler)
    i.Usart1_Init                            0x080013f8   Section        0  usart.o(i.Usart1_Init)
    i.__0vsprintf                            0x080014c4   Section        0  printfa.o(i.__0vsprintf)
    i.__scatterload_copy                     0x080014e8   Section       14  handlers.o(i.__scatterload_copy)
    i.__scatterload_null                     0x080014f6   Section        2  handlers.o(i.__scatterload_null)
    i.__scatterload_zeroinit                 0x080014f8   Section       14  handlers.o(i.__scatterload_zeroinit)
    i._fp_digits                             0x08001508   Section        0  printfa.o(i._fp_digits)
    _fp_digits                               0x08001509   Thumb Code   366  printfa.o(i._fp_digits)
    i._printf_core                           0x0800168c   Section        0  printfa.o(i._printf_core)
    _printf_core                             0x0800168d   Thumb Code  1704  printfa.o(i._printf_core)
    i._printf_post_padding                   0x08001d40   Section        0  printfa.o(i._printf_post_padding)
    _printf_post_padding                     0x08001d41   Thumb Code    36  printfa.o(i._printf_post_padding)
    i._printf_pre_padding                    0x08001d64   Section        0  printfa.o(i._printf_pre_padding)
    _printf_pre_padding                      0x08001d65   Thumb Code    46  printfa.o(i._printf_pre_padding)
    i._sputc                                 0x08001d92   Section        0  printfa.o(i._sputc)
    _sputc                                   0x08001d93   Thumb Code    10  printfa.o(i._sputc)
    i.delay_us                               0x08001d9c   Section        0  systick.o(i.delay_us)
    i.main                                   0x08001de8   Section        0  main.o(i.main)
    .data                                    0x20000000   Section        4  main.o(.data)
    .data                                    0x20000004   Section       16  stm32f4xx_rcc.o(.data)
    APBAHBPrescTable                         0x20000004   Data          16  stm32f4xx_rcc.o(.data)
    .data                                    0x20000014   Section        4  systick.o(.data)
    fac_us                                   0x20000014   Data           1  systick.o(.data)
    fac_ms                                   0x20000016   Data           2  systick.o(.data)
    .data                                    0x20000018   Section        4  boot.o(.data)
    .bss                                     0x2000001c   Section     4192  usart.o(.bss)
    STACK                                    0x20001080   Section     1024  startup_stm32f40_41xxx.o(STACK)

    Global Symbols

    Symbol Name                              Value     Ov Type        Size  Object(Section)

    BuildAttributes$$THM_ISAv4$E$P$D$K$B$S$7EM$VFPi3$EXTD16$VFPS$VFMA$PE$A:L22UL41UL21$X:L11$S22US41US21$IEEE1$IW$USESV6$~STKCKD$USESV7$~SHL$OSPACE$ROPI$EBA8$MICROLIB$REQ8$PRES8$EABIv2 0x00000000   Number         0  anon$$obj.o ABSOLUTE
    __ARM_use_no_argv                        0x00000000   Number         0  main.o ABSOLUTE
    __arm_fini_                               - Undefined Weak Reference
    __cpp_initialize__aeabi_                  - Undefined Weak Reference
    __cxa_finalize                            - Undefined Weak Reference
    __decompress                              - Undefined Weak Reference
    _clock_init                               - Undefined Weak Reference
    _microlib_exit                            - Undefined Weak Reference
    __Vectors_Size                           0x00000188   Number         0  startup_stm32f40_41xxx.o ABSOLUTE
    __Vectors                                0x08000000   Data           4  startup_stm32f40_41xxx.o(RESET)
    __Vectors_End                            0x08000188   Data           0  startup_stm32f40_41xxx.o(RESET)
    __main                                   0x08000189   Thumb Code     0  entry.o(.ARM.Collect$$$$00000000)
    _main_stk                                0x08000189   Thumb Code     0  entry2.o(.ARM.Collect$$$$00000001)
    _main_scatterload                        0x0800018d   Thumb Code     0  entry5.o(.ARM.Collect$$$$00000004)
    __main_after_scatterload                 0x08000191   Thumb Code     0  entry5.o(.ARM.Collect$$$$00000004)
    _main_clock                              0x08000191   Thumb Code     0  entry7b.o(.ARM.Collect$$$$00000008)
    _main_cpp_init                           0x08000191   Thumb Code     0  entry8b.o(.ARM.Collect$$$$0000000A)
    _main_init                               0x08000191   Thumb Code     0  entry9a.o(.ARM.Collect$$$$0000000B)
    __rt_lib_shutdown_fini                   0x08000199   Thumb Code     0  entry12b.o(.ARM.Collect$$$$0000000E)
    __rt_final_cpp                           0x0800019d   Thumb Code     0  entry10a.o(.ARM.Collect$$$$0000000F)
    __rt_final_exit                          0x0800019d   Thumb Code     0  entry11a.o(.ARM.Collect$$$$00000011)
    MSR_SP                                   0x080001a1   Thumb Code     6  boot.o(.emb_text)
    Reset_Handler                            0x080001a9   Thumb Code     8  startup_stm32f40_41xxx.o(.text)
    ADC_IRQHandler                           0x080001c3   Thumb Code     0  startup_stm32f40_41xxx.o(.text)
    CAN1_RX0_IRQHandler                      0x080001c3   Thumb Code     0  startup_stm32f40_41xxx.o(.text)
    CAN1_RX1_IRQHandler                      0x080001c3   Thumb Code     0  startup_stm32f40_41xxx.o(.text)
    CAN1_SCE_IRQHandler                      0x080001c3   Thumb Code     0  startup_stm32f40_41xxx.o(.text)
    CAN1_TX_IRQHandler                       0x080001c3   Thumb Code     0  startup_stm32f40_41xxx.o(.text)
    CAN2_RX0_IRQHandler                      0x080001c3   Thumb Code     0  startup_stm32f40_41xxx.o(.text)
    CAN2_RX1_IRQHandler                      0x080001c3   Thumb Code     0  startup_stm32f40_41xxx.o(.text)
    CAN2_SCE_IRQHandler                      0x080001c3   Thumb Code     0  startup_stm32f40_41xxx.o(.text)
    CAN2_TX_IRQHandler                       0x080001c3   Thumb Code     0  startup_stm32f40_41xxx.o(.text)
    CRYP_IRQHandler                          0x080001c3   Thumb Code     0  startup_stm32f40_41xxx.o(.text)
    DCMI_IRQHandler                          0x080001c3   Thumb Code     0  startup_stm32f40_41xxx.o(.text)
    DMA1_Stream0_IRQHandler                  0x080001c3   Thumb Code     0  startup_stm32f40_41xxx.o(.text)
    DMA1_Stream1_IRQHandler                  0x080001c3   Thumb Code     0  startup_stm32f40_41xxx.o(.text)
    DMA1_Stream2_IRQHandler                  0x080001c3   Thumb Code     0  startup_stm32f40_41xxx.o(.text)
    DMA1_Stream3_IRQHandler                  0x080001c3   Thumb Code     0  startup_stm32f40_41xxx.o(.text)
    DMA1_Stream4_IRQHandler                  0x080001c3   Thumb Code     0  startup_stm32f40_41xxx.o(.text)
    DMA1_Stream5_IRQHandler                  0x080001c3   Thumb Code     0  startup_stm32f40_41xxx.o(.text)
    DMA1_Stream6_IRQHandler                  0x080001c3   Thumb Code     0  startup_stm32f40_41xxx.o(.text)
    DMA1_Stream7_IRQHandler                  0x080001c3   Thumb Code     0  startup_stm32f40_41xxx.o(.text)
    DMA2_Stream0_IRQHandler                  0x080001c3   Thumb Code     0  startup_stm32f40_41xxx.o(.text)
    DMA2_Stream1_IRQHandler                  0x080001c3   Thumb Code     0  startup_stm32f40_41xxx.o(.text)
    DMA2_Stream2_IRQHandler                  0x080001c3   Thumb Code     0  startup_stm32f40_41xxx.o(.text)
    DMA2_Stream3_IRQHandler                  0x080001c3   Thumb Code     0  startup_stm32f40_41xxx.o(.text)
    DMA2_Stream4_IRQHandler                  0x080001c3   Thumb Code     0  startup_stm32f40_41xxx.o(.text)
    DMA2_Stream5_IRQHandler                  0x080001c3   Thumb Code     0  startup_stm32f40_41xxx.o(.text)
    DMA2_Stream6_IRQHandler                  0x080001c3   Thumb Code     0  startup_stm32f40_41xxx.o(.text)
    DMA2_Stream7_IRQHandler                  0x080001c3   Thumb Code     0  startup_stm32f40_41xxx.o(.text)
    ETH_IRQHandler                           0x080001c3   Thumb Code     0  startup_stm32f40_41xxx.o(.text)
    ETH_WKUP_IRQHandler                      0x080001c3   Thumb Code     0  startup_stm32f40_41xxx.o(.text)
    EXTI0_IRQHandler                         0x080001c3   Thumb Code     0  startup_stm32f40_41xxx.o(.text)
    EXTI15_10_IRQHandler                     0x080001c3   Thumb Code     0  startup_stm32f40_41xxx.o(.text)
    EXTI1_IRQHandler                         0x080001c3   Thumb Code     0  startup_stm32f40_41xxx.o(.text)
    EXTI2_IRQHandler                         0x080001c3   Thumb Code     0  startup_stm32f40_41xxx.o(.text)
    EXTI3_IRQHandler                         0x080001c3   Thumb Code     0  startup_stm32f40_41xxx.o(.text)
    EXTI4_IRQHandler                         0x080001c3   Thumb Code     0  startup_stm32f40_41xxx.o(.text)
    EXTI9_5_IRQHandler                       0x080001c3   Thumb Code     0  startup_stm32f40_41xxx.o(.text)
    FLASH_IRQHandler                         0x080001c3   Thumb Code     0  startup_stm32f40_41xxx.o(.text)
    FPU_IRQHandler                           0x080001c3   Thumb Code     0  startup_stm32f40_41xxx.o(.text)
    FSMC_IRQHandler                          0x080001c3   Thumb Code     0  startup_stm32f40_41xxx.o(.text)
    HASH_RNG_IRQHandler                      0x080001c3   Thumb Code     0  startup_stm32f40_41xxx.o(.text)
    I2C1_ER_IRQHandler                       0x080001c3   Thumb Code     0  startup_stm32f40_41xxx.o(.text)
    I2C1_EV_IRQHandler                       0x080001c3   Thumb Code     0  startup_stm32f40_41xxx.o(.text)
    I2C2_ER_IRQHandler                       0x080001c3   Thumb Code     0  startup_stm32f40_41xxx.o(.text)
    I2C2_EV_IRQHandler                       0x080001c3   Thumb Code     0  startup_stm32f40_41xxx.o(.text)
    I2C3_ER_IRQHandler                       0x080001c3   Thumb Code     0  startup_stm32f40_41xxx.o(.text)
    I2C3_EV_IRQHandler                       0x080001c3   Thumb Code     0  startup_stm32f40_41xxx.o(.text)
    OTG_FS_IRQHandler                        0x080001c3   Thumb Code     0  startup_stm32f40_41xxx.o(.text)
    OTG_FS_WKUP_IRQHandler                   0x080001c3   Thumb Code     0  startup_stm32f40_41xxx.o(.text)
    OTG_HS_EP1_IN_IRQHandler                 0x080001c3   Thumb Code     0  startup_stm32f40_41xxx.o(.text)
    OTG_HS_EP1_OUT_IRQHandler                0x080001c3   Thumb Code     0  startup_stm32f40_41xxx.o(.text)
    OTG_HS_IRQHandler                        0x080001c3   Thumb Code     0  startup_stm32f40_41xxx.o(.text)
    OTG_HS_WKUP_IRQHandler                   0x080001c3   Thumb Code     0  startup_stm32f40_41xxx.o(.text)
    PVD_IRQHandler                           0x080001c3   Thumb Code     0  startup_stm32f40_41xxx.o(.text)
    RCC_IRQHandler                           0x080001c3   Thumb Code     0  startup_stm32f40_41xxx.o(.text)
    RTC_Alarm_IRQHandler                     0x080001c3   Thumb Code     0  startup_stm32f40_41xxx.o(.text)
    RTC_WKUP_IRQHandler                      0x080001c3   Thumb Code     0  startup_stm32f40_41xxx.o(.text)
    SDIO_IRQHandler                          0x080001c3   Thumb Code     0  startup_stm32f40_41xxx.o(.text)
    SPI1_IRQHandler                          0x080001c3   Thumb Code     0  startup_stm32f40_41xxx.o(.text)
    SPI2_IRQHandler                          0x080001c3   Thumb Code     0  startup_stm32f40_41xxx.o(.text)
    SPI3_IRQHandler                          0x080001c3   Thumb Code     0  startup_stm32f40_41xxx.o(.text)
    TAMP_STAMP_IRQHandler                    0x080001c3   Thumb Code     0  startup_stm32f40_41xxx.o(.text)
    TIM1_BRK_TIM9_IRQHandler                 0x080001c3   Thumb Code     0  startup_stm32f40_41xxx.o(.text)
    TIM1_CC_IRQHandler                       0x080001c3   Thumb Code     0  startup_stm32f40_41xxx.o(.text)
    TIM1_TRG_COM_TIM11_IRQHandler            0x080001c3   Thumb Code     0  startup_stm32f40_41xxx.o(.text)
    TIM1_UP_TIM10_IRQHandler                 0x080001c3   Thumb Code     0  startup_stm32f40_41xxx.o(.text)
    TIM2_IRQHandler                          0x080001c3   Thumb Code     0  startup_stm32f40_41xxx.o(.text)
    TIM3_IRQHandler                          0x080001c3   Thumb Code     0  startup_stm32f40_41xxx.o(.text)
    TIM4_IRQHandler                          0x080001c3   Thumb Code     0  startup_stm32f40_41xxx.o(.text)
    TIM5_IRQHandler                          0x080001c3   Thumb Code     0  startup_stm32f40_41xxx.o(.text)
    TIM6_DAC_IRQHandler                      0x080001c3   Thumb Code     0  startup_stm32f40_41xxx.o(.text)
    TIM7_IRQHandler                          0x080001c3   Thumb Code     0  startup_stm32f40_41xxx.o(.text)
    TIM8_BRK_TIM12_IRQHandler                0x080001c3   Thumb Code     0  startup_stm32f40_41xxx.o(.text)
    TIM8_CC_IRQHandler                       0x080001c3   Thumb Code     0  startup_stm32f40_41xxx.o(.text)
    TIM8_TRG_COM_TIM14_IRQHandler            0x080001c3   Thumb Code     0  startup_stm32f40_41xxx.o(.text)
    TIM8_UP_TIM13_IRQHandler                 0x080001c3   Thumb Code     0  startup_stm32f40_41xxx.o(.text)
    UART4_IRQHandler                         0x080001c3   Thumb Code     0  startup_stm32f40_41xxx.o(.text)
    UART5_IRQHandler                         0x080001c3   Thumb Code     0  startup_stm32f40_41xxx.o(.text)
    USART2_IRQHandler                        0x080001c3   Thumb Code     0  startup_stm32f40_41xxx.o(.text)
    USART3_IRQHandler                        0x080001c3   Thumb Code     0  startup_stm32f40_41xxx.o(.text)
    USART6_IRQHandler                        0x080001c3   Thumb Code     0  startup_stm32f40_41xxx.o(.text)
    WWDG_IRQHandler                          0x080001c3   Thumb Code     0  startup_stm32f40_41xxx.o(.text)
    strlen                                   0x080001cd   Thumb Code    14  strlen.o(.text)
    __aeabi_uidiv                            0x080001db   Thumb Code     0  uidiv.o(.text)
    __aeabi_uidivmod                         0x080001db   Thumb Code    44  uidiv.o(.text)
    __aeabi_uldivmod                         0x08000207   Thumb Code    98  uldiv.o(.text)
    __I$use$fp                               0x08000269   Thumb Code     0  iusefp.o(.text)
    __aeabi_dadd                             0x08000269   Thumb Code   322  dadd.o(.text)
    __aeabi_dsub                             0x080003ab   Thumb Code     6  dadd.o(.text)
    __aeabi_drsub                            0x080003b1   Thumb Code     6  dadd.o(.text)
    __aeabi_dmul                             0x080003b7   Thumb Code   228  dmul.o(.text)
    __aeabi_ddiv                             0x0800049b   Thumb Code   222  ddiv.o(.text)
    __aeabi_d2ulz                            0x08000579   Thumb Code    48  dfixul.o(.text)
    __aeabi_cdrcmple                         0x080005a9   Thumb Code    48  cdrcmple.o(.text)
    __scatterload                            0x080005d9   Thumb Code    28  init.o(.text)
    __scatterload_rt2                        0x080005d9   Thumb Code     0  init.o(.text)
    __aeabi_llsl                             0x080005fd   Thumb Code    30  llshl.o(.text)
    _ll_shift_l                              0x080005fd   Thumb Code     0  llshl.o(.text)
    __aeabi_llsr                             0x0800061b   Thumb Code    32  llushr.o(.text)
    _ll_ushift_r                             0x0800061b   Thumb Code     0  llushr.o(.text)
    __aeabi_lasr                             0x0800063b   Thumb Code    36  llsshr.o(.text)
    _ll_sshift_r                             0x0800063b   Thumb Code     0  llsshr.o(.text)
    _double_round                            0x0800065f   Thumb Code    30  depilogue.o(.text)
    _double_epilogue                         0x0800067d   Thumb Code   156  depilogue.o(.text)
    AT24C02_Init                             0x08000719   Thumb Code     8  at24c02.o(i.AT24C02_Init)
    AT24C02_ReadBytes                        0x08000721   Thumb Code    98  at24c02.o(i.AT24C02_ReadBytes)
    AT24C02_Read_OTA_Info                    0x08000785   Thumb Code    20  at24c02.o(i.AT24C02_Read_OTA_Info)
    BootLoader_Branch                        0x0800079d   Thumb Code    34  boot.o(i.BootLoader_Branch)
    BusFault_Handler                         0x080007e5   Thumb Code     4  stm32f4xx_it.o(i.BusFault_Handler)
    DMA_Cmd                                  0x080007e9   Thumb Code    22  stm32f4xx_dma.o(i.DMA_Cmd)
    DMA_DeInit                               0x08000801   Thumb Code   324  stm32f4xx_dma.o(i.DMA_DeInit)
    DMA_GetCurrDataCounter                   0x08000959   Thumb Code     8  stm32f4xx_dma.o(i.DMA_GetCurrDataCounter)
    DMA_Init                                 0x08000961   Thumb Code    82  stm32f4xx_dma.o(i.DMA_Init)
    DMA_SetCurrDataCounter                   0x080009b9   Thumb Code     4  stm32f4xx_dma.o(i.DMA_SetCurrDataCounter)
    DMA_StructInit                           0x080009bd   Thumb Code    34  stm32f4xx_dma.o(i.DMA_StructInit)
    DebugMon_Handler                         0x080009df   Thumb Code     2  stm32f4xx_it.o(i.DebugMon_Handler)
    EEPROM_I2CInit                           0x080009e1   Thumb Code    46  iic.o(i.EEPROM_I2CInit)
    GPIO_Init                                0x08000a15   Thumb Code   144  stm32f4xx_gpio.o(i.GPIO_Init)
    GPIO_PinAFConfig                         0x08000aa5   Thumb Code    70  stm32f4xx_gpio.o(i.GPIO_PinAFConfig)
    GPIO_ReadInputDataBit                    0x08000aeb   Thumb Code    18  stm32f4xx_gpio.o(i.GPIO_ReadInputDataBit)
    GPIO_ResetBits                           0x08000afd   Thumb Code     4  stm32f4xx_gpio.o(i.GPIO_ResetBits)
    GPIO_SetBits                             0x08000b01   Thumb Code     4  stm32f4xx_gpio.o(i.GPIO_SetBits)
    HardFault_Handler                        0x08000b05   Thumb Code     4  stm32f4xx_it.o(i.HardFault_Handler)
    IIC_ReadByte                             0x08000b09   Thumb Code    70  iic.o(i.IIC_ReadByte)
    IIC_SendAck                              0x08000b55   Thumb Code    62  iic.o(i.IIC_SendAck)
    IIC_SendByte                             0x08000b99   Thumb Code   100  iic.o(i.IIC_SendByte)
    IIC_SendNotAck                           0x08000c01   Thumb Code    52  iic.o(i.IIC_SendNotAck)
    IIC_Start                                0x08000c39   Thumb Code    56  iic.o(i.IIC_Start)
    IIC_Stop                                 0x08000c75   Thumb Code    46  iic.o(i.IIC_Stop)
    IIC_WaitAck                              0x08000ca9   Thumb Code    88  iic.o(i.IIC_WaitAck)
    LOAD_A                                   0x08000d05   Thumb Code    40  boot.o(i.LOAD_A)
    MemManage_Handler                        0x08000d35   Thumb Code     4  stm32f4xx_it.o(i.MemManage_Handler)
    NMI_Handler                              0x08000d39   Thumb Code     2  stm32f4xx_it.o(i.NMI_Handler)
    NVIC_Init                                0x08000d3d   Thumb Code   106  misc.o(i.NVIC_Init)
    PendSV_Handler                           0x08000db5   Thumb Code     2  stm32f4xx_it.o(i.PendSV_Handler)
    RCC_AHB1PeriphClockCmd                   0x08000db9   Thumb Code    26  stm32f4xx_rcc.o(i.RCC_AHB1PeriphClockCmd)
    RCC_APB2PeriphClockCmd                   0x08000dd9   Thumb Code    26  stm32f4xx_rcc.o(i.RCC_APB2PeriphClockCmd)
    RCC_GetClocksFreq                        0x08000df9   Thumb Code   214  stm32f4xx_rcc.o(i.RCC_GetClocksFreq)
    SVC_Handler                              0x08000ee1   Thumb Code     2  stm32f4xx_it.o(i.SVC_Handler)
    SysTick_CLKSourceConfig                  0x08000fd1   Thumb Code    40  misc.o(i.SysTick_CLKSourceConfig)
    SysTick_Handler                          0x08000ff9   Thumb Code     2  stm32f4xx_it.o(i.SysTick_Handler)
    SysTick_Init                             0x08000ffd   Thumb Code    52  systick.o(i.SysTick_Init)
    SystemInit                               0x08001039   Thumb Code    88  system_stm32f4xx.o(i.SystemInit)
    U1Rx_PrtInit                             0x080010a1   Thumb Code    24  usart.o(i.U1Rx_PrtInit)
    U1_printf                                0x080010c1   Thumb Code    84  usart.o(i.U1_printf)
    USART1_DMA_Init                          0x0800111d   Thumb Code   104  usart.o(i.USART1_DMA_Init)
    USART1_IRQHandler                        0x08001191   Thumb Code   170  stm32f4xx_it.o(i.USART1_IRQHandler)
    USART_ClearFlag                          0x0800124d   Thumb Code    18  stm32f4xx_usart.o(i.USART_ClearFlag)
    USART_ClearITPendingBit                  0x0800125f   Thumb Code    30  stm32f4xx_usart.o(i.USART_ClearITPendingBit)
    USART_Cmd                                0x0800127d   Thumb Code    24  stm32f4xx_usart.o(i.USART_Cmd)
    USART_DMACmd                             0x08001295   Thumb Code    18  stm32f4xx_usart.o(i.USART_DMACmd)
    USART_GetFlagStatus                      0x080012a7   Thumb Code    26  stm32f4xx_usart.o(i.USART_GetFlagStatus)
    USART_ITConfig                           0x080012c1   Thumb Code    74  stm32f4xx_usart.o(i.USART_ITConfig)
    USART_Init                               0x0800130d   Thumb Code   204  stm32f4xx_usart.o(i.USART_Init)
    USART_ReceiveData                        0x080013e1   Thumb Code    10  stm32f4xx_usart.o(i.USART_ReceiveData)
    USART_SendData                           0x080013eb   Thumb Code     8  stm32f4xx_usart.o(i.USART_SendData)
    UsageFault_Handler                       0x080013f3   Thumb Code     4  stm32f4xx_it.o(i.UsageFault_Handler)
    Usart1_Init                              0x080013f9   Thumb Code   194  usart.o(i.Usart1_Init)
    __0vsprintf                              0x080014c5   Thumb Code    30  printfa.o(i.__0vsprintf)
    __1vsprintf                              0x080014c5   Thumb Code     0  printfa.o(i.__0vsprintf)
    __2vsprintf                              0x080014c5   Thumb Code     0  printfa.o(i.__0vsprintf)
    __c89vsprintf                            0x080014c5   Thumb Code     0  printfa.o(i.__0vsprintf)
    vsprintf                                 0x080014c5   Thumb Code     0  printfa.o(i.__0vsprintf)
    __scatterload_copy                       0x080014e9   Thumb Code    14  handlers.o(i.__scatterload_copy)
    __scatterload_null                       0x080014f7   Thumb Code     2  handlers.o(i.__scatterload_null)
    __scatterload_zeroinit                   0x080014f9   Thumb Code    14  handlers.o(i.__scatterload_zeroinit)
    delay_us                                 0x08001d9d   Thumb Code    72  systick.o(i.delay_us)
    main                                     0x08001de9   Thumb Code    30  main.o(i.main)
    Region$$Table$$Base                      0x08001e08   Number         0  anon$$obj.o(Region$$Table)
    Region$$Table$$Limit                     0x08001e28   Number         0  anon$$obj.o(Region$$Table)
    OTA_Info                                 0x20000000   Data           4  main.o(.data)
    Load_A                                   0x20000018   Data           4  boot.o(.data)
    USART1_RxBuffer                          0x2000001c   Data        2048  usart.o(.bss)
    USART1_TxBuffer                          0x2000081c   Data        2048  usart.o(.bss)
    U1_RXBufptr                              0x2000101c   Data          96  usart.o(.bss)
    __initial_sp                             0x20001480   Data           0  startup_stm32f40_41xxx.o(STACK)



==============================================================================

Memory Map of the image

  Image Entry point : 0x08000189

  Load Region LR_IROM1 (Base: 0x08000000, Size: 0x00001e44, Max: 0x00100000, ABSOLUTE)

    Execution Region ER_IROM1 (Exec base: 0x08000000, Load base: 0x08000000, Size: 0x00001e28, Max: 0x00100000, ABSOLUTE)

    Exec Addr    Load Addr    Size         Type   Attr      Idx    E Section Name        Object

    0x08000000   0x08000000   0x00000188   Data   RO         2709    RESET               startup_stm32f40_41xxx.o
    0x08000188   0x08000188   0x00000000   Code   RO         2755  * .ARM.Collect$$$$00000000  mc_w.l(entry.o)
    0x08000188   0x08000188   0x00000004   Code   RO         2788    .ARM.Collect$$$$00000001  mc_w.l(entry2.o)
    0x0800018c   0x0800018c   0x00000004   Code   RO         2791    .ARM.Collect$$$$00000004  mc_w.l(entry5.o)
    0x08000190   0x08000190   0x00000000   Code   RO         2793    .ARM.Collect$$$$00000008  mc_w.l(entry7b.o)
    0x08000190   0x08000190   0x00000000   Code   RO         2795    .ARM.Collect$$$$0000000A  mc_w.l(entry8b.o)
    0x08000190   0x08000190   0x00000008   Code   RO         2796    .ARM.Collect$$$$0000000B  mc_w.l(entry9a.o)
    0x08000198   0x08000198   0x00000004   Code   RO         2803    .ARM.Collect$$$$0000000E  mc_w.l(entry12b.o)
    0x0800019c   0x0800019c   0x00000000   Code   RO         2798    .ARM.Collect$$$$0000000F  mc_w.l(entry10a.o)
    0x0800019c   0x0800019c   0x00000000   Code   RO         2800    .ARM.Collect$$$$00000011  mc_w.l(entry11a.o)
    0x0800019c   0x0800019c   0x00000004   Code   RO         2789    .ARM.Collect$$$$00002712  mc_w.l(entry2.o)
    0x080001a0   0x080001a0   0x00000006   Code   RO         2657    .emb_text           boot.o
    0x080001a6   0x080001a6   0x00000002   PAD
    0x080001a8   0x080001a8   0x00000024   Code   RO         2710    .text               startup_stm32f40_41xxx.o
    0x080001cc   0x080001cc   0x0000000e   Code   RO         2758    .text               mc_w.l(strlen.o)
    0x080001da   0x080001da   0x0000002c   Code   RO         2807    .text               mc_w.l(uidiv.o)
    0x08000206   0x08000206   0x00000062   Code   RO         2809    .text               mc_w.l(uldiv.o)
    0x08000268   0x08000268   0x00000000   Code   RO         2811    .text               mc_w.l(iusefp.o)
    0x08000268   0x08000268   0x0000014e   Code   RO         2812    .text               mf_w.l(dadd.o)
    0x080003b6   0x080003b6   0x000000e4   Code   RO         2814    .text               mf_w.l(dmul.o)
    0x0800049a   0x0800049a   0x000000de   Code   RO         2816    .text               mf_w.l(ddiv.o)
    0x08000578   0x08000578   0x00000030   Code   RO         2818    .text               mf_w.l(dfixul.o)
    0x080005a8   0x080005a8   0x00000030   Code   RO         2820    .text               mf_w.l(cdrcmple.o)
    0x080005d8   0x080005d8   0x00000024   Code   RO         2822    .text               mc_w.l(init.o)
    0x080005fc   0x080005fc   0x0000001e   Code   RO         2825    .text               mc_w.l(llshl.o)
    0x0800061a   0x0800061a   0x00000020   Code   RO         2827    .text               mc_w.l(llushr.o)
    0x0800063a   0x0800063a   0x00000024   Code   RO         2829    .text               mc_w.l(llsshr.o)
    0x0800065e   0x0800065e   0x000000ba   Code   RO         2832    .text               mf_w.l(depilogue.o)
    0x08000718   0x08000718   0x00000008   Code   RO         2443    i.AT24C02_Init      at24c02.o
    0x08000720   0x08000720   0x00000062   Code   RO         2445    i.AT24C02_ReadBytes  at24c02.o
    0x08000782   0x08000782   0x00000002   PAD
    0x08000784   0x08000784   0x00000018   Code   RO         2446    i.AT24C02_Read_OTA_Info  at24c02.o
    0x0800079c   0x0800079c   0x00000048   Code   RO         2658    i.BootLoader_Branch  boot.o
    0x080007e4   0x080007e4   0x00000004   Code   RO          123    i.BusFault_Handler  stm32f4xx_it.o
    0x080007e8   0x080007e8   0x00000016   Code   RO          321    i.DMA_Cmd           stm32f4xx_dma.o
    0x080007fe   0x080007fe   0x00000002   PAD
    0x08000800   0x08000800   0x00000158   Code   RO          322    i.DMA_DeInit        stm32f4xx_dma.o
    0x08000958   0x08000958   0x00000008   Code   RO          327    i.DMA_GetCurrDataCounter  stm32f4xx_dma.o
    0x08000960   0x08000960   0x00000058   Code   RO          333    i.DMA_Init          stm32f4xx_dma.o
    0x080009b8   0x080009b8   0x00000004   Code   RO          336    i.DMA_SetCurrDataCounter  stm32f4xx_dma.o
    0x080009bc   0x080009bc   0x00000022   Code   RO          337    i.DMA_StructInit    stm32f4xx_dma.o
    0x080009de   0x080009de   0x00000002   Code   RO          124    i.DebugMon_Handler  stm32f4xx_it.o
    0x080009e0   0x080009e0   0x00000034   Code   RO         2356    i.EEPROM_I2CInit    iic.o
    0x08000a14   0x08000a14   0x00000090   Code   RO          710    i.GPIO_Init         stm32f4xx_gpio.o
    0x08000aa4   0x08000aa4   0x00000046   Code   RO          711    i.GPIO_PinAFConfig  stm32f4xx_gpio.o
    0x08000aea   0x08000aea   0x00000012   Code   RO          714    i.GPIO_ReadInputDataBit  stm32f4xx_gpio.o
    0x08000afc   0x08000afc   0x00000004   Code   RO          717    i.GPIO_ResetBits    stm32f4xx_gpio.o
    0x08000b00   0x08000b00   0x00000004   Code   RO          718    i.GPIO_SetBits      stm32f4xx_gpio.o
    0x08000b04   0x08000b04   0x00000004   Code   RO          125    i.HardFault_Handler  stm32f4xx_it.o
    0x08000b08   0x08000b08   0x0000004c   Code   RO         2357    i.IIC_ReadByte      iic.o
    0x08000b54   0x08000b54   0x00000044   Code   RO         2360    i.IIC_SendAck       iic.o
    0x08000b98   0x08000b98   0x00000068   Code   RO         2361    i.IIC_SendByte      iic.o
    0x08000c00   0x08000c00   0x00000038   Code   RO         2362    i.IIC_SendNotAck    iic.o
    0x08000c38   0x08000c38   0x0000003c   Code   RO         2363    i.IIC_Start         iic.o
    0x08000c74   0x08000c74   0x00000034   Code   RO         2364    i.IIC_Stop          iic.o
    0x08000ca8   0x08000ca8   0x0000005c   Code   RO         2365    i.IIC_WaitAck       iic.o
    0x08000d04   0x08000d04   0x00000030   Code   RO         2660    i.LOAD_A            boot.o
    0x08000d34   0x08000d34   0x00000004   Code   RO          126    i.MemManage_Handler  stm32f4xx_it.o
    0x08000d38   0x08000d38   0x00000002   Code   RO          127    i.NMI_Handler       stm32f4xx_it.o
    0x08000d3a   0x08000d3a   0x00000002   PAD
    0x08000d3c   0x08000d3c   0x00000078   Code   RO          258    i.NVIC_Init         misc.o
    0x08000db4   0x08000db4   0x00000002   Code   RO          128    i.PendSV_Handler    stm32f4xx_it.o
    0x08000db6   0x08000db6   0x00000002   PAD
    0x08000db8   0x08000db8   0x00000020   Code   RO         1039    i.RCC_AHB1PeriphClockCmd  stm32f4xx_rcc.o
    0x08000dd8   0x08000dd8   0x00000020   Code   RO         1051    i.RCC_APB2PeriphClockCmd  stm32f4xx_rcc.o
    0x08000df8   0x08000df8   0x000000e8   Code   RO         1060    i.RCC_GetClocksFreq  stm32f4xx_rcc.o
    0x08000ee0   0x08000ee0   0x00000002   Code   RO          129    i.SVC_Handler       stm32f4xx_it.o
    0x08000ee2   0x08000ee2   0x00000002   PAD
    0x08000ee4   0x08000ee4   0x000000ec   Code   RO         2717    i.SetSysClock       system_stm32f4xx.o
    0x08000fd0   0x08000fd0   0x00000028   Code   RO          262    i.SysTick_CLKSourceConfig  misc.o
    0x08000ff8   0x08000ff8   0x00000002   Code   RO          130    i.SysTick_Handler   stm32f4xx_it.o
    0x08000ffa   0x08000ffa   0x00000002   PAD
    0x08000ffc   0x08000ffc   0x0000003c   Code   RO         2233    i.SysTick_Init      systick.o
    0x08001038   0x08001038   0x00000068   Code   RO         2719    i.SystemInit        system_stm32f4xx.o
    0x080010a0   0x080010a0   0x00000020   Code   RO         2301    i.U1Rx_PrtInit      usart.o
    0x080010c0   0x080010c0   0x0000005c   Code   RO         2302    i.U1_printf         usart.o
    0x0800111c   0x0800111c   0x00000074   Code   RO         2303    i.USART1_DMA_Init   usart.o
    0x08001190   0x08001190   0x000000bc   Code   RO          131    i.USART1_IRQHandler  stm32f4xx_it.o
    0x0800124c   0x0800124c   0x00000012   Code   RO         1903    i.USART_ClearFlag   stm32f4xx_usart.o
    0x0800125e   0x0800125e   0x0000001e   Code   RO         1904    i.USART_ClearITPendingBit  stm32f4xx_usart.o
    0x0800127c   0x0800127c   0x00000018   Code   RO         1907    i.USART_Cmd         stm32f4xx_usart.o
    0x08001294   0x08001294   0x00000012   Code   RO         1908    i.USART_DMACmd      stm32f4xx_usart.o
    0x080012a6   0x080012a6   0x0000001a   Code   RO         1910    i.USART_GetFlagStatus  stm32f4xx_usart.o
    0x080012c0   0x080012c0   0x0000004a   Code   RO         1913    i.USART_ITConfig    stm32f4xx_usart.o
    0x0800130a   0x0800130a   0x00000002   PAD
    0x0800130c   0x0800130c   0x000000d4   Code   RO         1914    i.USART_Init        stm32f4xx_usart.o
    0x080013e0   0x080013e0   0x0000000a   Code   RO         1921    i.USART_ReceiveData  stm32f4xx_usart.o
    0x080013ea   0x080013ea   0x00000008   Code   RO         1924    i.USART_SendData    stm32f4xx_usart.o
    0x080013f2   0x080013f2   0x00000004   Code   RO          132    i.UsageFault_Handler  stm32f4xx_it.o
    0x080013f6   0x080013f6   0x00000002   PAD
    0x080013f8   0x080013f8   0x000000cc   Code   RO         2304    i.Usart1_Init       usart.o
    0x080014c4   0x080014c4   0x00000024   Code   RO         2767    i.__0vsprintf       mc_w.l(printfa.o)
    0x080014e8   0x080014e8   0x0000000e   Code   RO         2836    i.__scatterload_copy  mc_w.l(handlers.o)
    0x080014f6   0x080014f6   0x00000002   Code   RO         2837    i.__scatterload_null  mc_w.l(handlers.o)
    0x080014f8   0x080014f8   0x0000000e   Code   RO         2838    i.__scatterload_zeroinit  mc_w.l(handlers.o)
    0x08001506   0x08001506   0x00000002   PAD
    0x08001508   0x08001508   0x00000184   Code   RO         2768    i._fp_digits        mc_w.l(printfa.o)
    0x0800168c   0x0800168c   0x000006b4   Code   RO         2769    i._printf_core      mc_w.l(printfa.o)
    0x08001d40   0x08001d40   0x00000024   Code   RO         2770    i._printf_post_padding  mc_w.l(printfa.o)
    0x08001d64   0x08001d64   0x0000002e   Code   RO         2771    i._printf_pre_padding  mc_w.l(printfa.o)
    0x08001d92   0x08001d92   0x0000000a   Code   RO         2773    i._sputc            mc_w.l(printfa.o)
    0x08001d9c   0x08001d9c   0x0000004c   Code   RO         2236    i.delay_us          systick.o
    0x08001de8   0x08001de8   0x0000001e   Code   RO            4    i.main              main.o
    0x08001e06   0x08001e06   0x00000002   PAD
    0x08001e08   0x08001e08   0x00000020   Data   RO         2834    Region$$Table       anon$$obj.o


    Execution Region RW_IRAM1 (Exec base: 0x20000000, Load base: 0x08001e28, Size: 0x00001480, Max: 0x00020000, ABSOLUTE)

    Exec Addr    Load Addr    Size         Type   Attr      Idx    E Section Name        Object

    0x20000000   0x08001e28   0x00000004   Data   RW            6    .data               main.o
    0x20000004   0x08001e2c   0x00000010   Data   RW         1092    .data               stm32f4xx_rcc.o
    0x20000014   0x08001e3c   0x00000004   Data   RW         2237    .data               systick.o
    0x20000018   0x08001e40   0x00000004   Data   RW         2661    .data               boot.o
    0x2000001c        -       0x00001060   Zero   RW         2305    .bss                usart.o
    0x2000107c   0x08001e44   0x00000004   PAD
    0x20001080        -       0x00000400   Zero   RW         2707    STACK               startup_stm32f40_41xxx.o


==============================================================================

Image component sizes


      Code (inc. data)   RO Data    RW Data    ZI Data      Debug   Object Name

       130          4          0          0          0       1931   at24c02.o
       126         46          0          4          0       1718   boot.o
       560         40          0          0          0       3987   iic.o
        30          0          0          4          0       6186   main.o
       160         14          0          0          0     236926   misc.o
        36          8        392          0       1024        820   startup_stm32f40_41xxx.o
       500         26          0          0          0       4725   stm32f4xx_dma.o
       240          0          0          0          0       3475   stm32f4xx_gpio.o
       214         18          0          0          0      45134   stm32f4xx_it.o
       296         30          0         16          0       3982   stm32f4xx_rcc.o
       420          8          0          0          0       6456   stm32f4xx_usart.o
       340         32          0          0          0       1485   system_stm32f4xx.o
       136         12          0          4          0       1170   systick.o
       444         38          0          0       4192       3949   usart.o

    ----------------------------------------------------------------------
      3652        276        424         28       5220     321944   Object Totals
         0          0         32          0          0          0   (incl. Generated)
        20          0          0          0          4          0   (incl. Padding)

    ----------------------------------------------------------------------

      Code (inc. data)   RO Data    RW Data    ZI Data      Debug   Library Member Name

         0          0          0          0          0          0   entry.o
         0          0          0          0          0          0   entry10a.o
         0          0          0          0          0          0   entry11a.o
         4          0          0          0          0          0   entry12b.o
         8          4          0          0          0          0   entry2.o
         4          0          0          0          0          0   entry5.o
         0          0          0          0          0          0   entry7b.o
         0          0          0          0          0          0   entry8b.o
         8          4          0          0          0          0   entry9a.o
        30          0          0          0          0          0   handlers.o
        36          8          0          0          0         68   init.o
         0          0          0          0          0          0   iusefp.o
        30          0          0          0          0         68   llshl.o
        36          0          0          0          0         68   llsshr.o
        32          0          0          0          0         68   llushr.o
      2232         86          0          0          0        528   printfa.o
        14          0          0          0          0         68   strlen.o
        44          0          0          0          0         80   uidiv.o
        98          0          0          0          0         92   uldiv.o
        48          0          0          0          0         68   cdrcmple.o
       334          0          0          0          0        148   dadd.o
       222          0          0          0          0        100   ddiv.o
       186          0          0          0          0        176   depilogue.o
        48          0          0          0          0         68   dfixul.o
       228          0          0          0          0         96   dmul.o

    ----------------------------------------------------------------------
      3644        102          0          0          0       1696   Library Totals
         2          0          0          0          0          0   (incl. Padding)

    ----------------------------------------------------------------------

      Code (inc. data)   RO Data    RW Data    ZI Data      Debug   Library Name

      2576        102          0          0          0       1040   mc_w.l
      1066          0          0          0          0        656   mf_w.l

    ----------------------------------------------------------------------
      3644        102          0          0          0       1696   Library Totals

    ----------------------------------------------------------------------

==============================================================================


      Code (inc. data)   RO Data    RW Data    ZI Data      Debug   

      7296        378        424         28       5220     317712   Grand Totals
      7296        378        424         28       5220     317712   ELF Image Totals
      7296        378        424         28          0          0   ROM Totals

==============================================================================

    Total RO  Size (Code + RO Data)                 7720 (   7.54kB)
    Total RW  Size (RW Data + ZI Data)              5248 (   5.13kB)
    Total ROM Size (Code + RO Data + RW Data)       7748 (   7.57kB)

==============================================================================

