<html>
<body>
<pre>
<h1>µVision Build Log</h1>
<h2>Tool Versions:</h2>
IDE-Version: ¦ÌVision V5.36.0.0
Copyright (C) 2021 ARM Ltd and ARM Germany GmbH. All rights reserved.
License Information: caixukun caixukun, caixukun, LIC=6XJT4-FGMIK-IN6A7-E2RPI-8IHFQ-Z550J
 
Tool Versions:
Toolchain:       MDK-ARM Professional  Version: 5.36.0.0
Toolchain Path:  D:\Keil MDK\ARM\ARMCC\Bin
C Compiler:      Armcc.exe V5.06 update 7 (build 960)
Assembler:       Armasm.exe V5.06 update 7 (build 960)
Linker/Locator:  ArmLink.exe V5.06 update 7 (build 960)
Library Manager: ArmAr.exe V5.06 update 7 (build 960)
Hex Converter:   FromElf.exe V5.06 update 7 (build 960)
CPU DLL:         SARMCM3.DLL V5.36.0.0
Dialog DLL:      DCM.DLL V1.17.3.0
Target DLL:      CMSIS_AGDI.dll V1.33.0.0
Dialog DLL:      TCM.DLL V1.53.0.0
 
<h2>Project:</h2>
f:\STM32HUA\bootloader\bootloader_test.uvprojx
Project File Date:  05/23/2025

<h2>Output:</h2>
*** Using Compiler 'V5.06 update 7 (build 960)', folder: 'D:\Keil MDK\ARM\ARMCC\Bin'
Build target 'Target 1'
compiling boot.c...
HW\boot.c(149): warning:  #181-D: argument is incompatible with corresponding format string conversion
                  if (sscanf((char *)data, "VERSION-V%d.%d-20%d-%d-%d-%d:%d", &temp, &temp, &temp, &temp, &temp, &temp, &temp) == 7)
HW\boot.c(149): warning:  #181-D: argument is incompatible with corresponding format string conversion
                  if (sscanf((char *)data, "VERSION-V%d.%d-20%d-%d-%d-%d:%d", &temp, &temp, &temp, &temp, &temp, &temp, &temp) == 7)
HW\boot.c(149): warning:  #181-D: argument is incompatible with corresponding format string conversion
                  if (sscanf((char *)data, "VERSION-V%d.%d-20%d-%d-%d-%d:%d", &temp, &temp, &temp, &temp, &temp, &temp, &temp) == 7)
HW\boot.c(149): warning:  #181-D: argument is incompatible with corresponding format string conversion
                  if (sscanf((char *)data, "VERSION-V%d.%d-20%d-%d-%d-%d:%d", &temp, &temp, &temp, &temp, &temp, &temp, &temp) == 7)
HW\boot.c(149): warning:  #181-D: argument is incompatible with corresponding format string conversion
                  if (sscanf((char *)data, "VERSION-V%d.%d-20%d-%d-%d-%d:%d", &temp, &temp, &temp, &temp, &temp, &temp, &temp) == 7)
HW\boot.c(149): warning:  #181-D: argument is incompatible with corresponding format string conversion
                  if (sscanf((char *)data, "VERSION-V%d.%d-20%d-%d-%d-%d:%d", &temp, &temp, &temp, &temp, &temp, &temp, &temp) == 7)
HW\boot.c(149): warning:  #181-D: argument is incompatible with corresponding format string conversion
                  if (sscanf((char *)data, "VERSION-V%d.%d-20%d-%d-%d-%d:%d", &temp, &temp, &temp, &temp, &temp, &temp, &temp) == 7)
HW\boot.c: 7 warnings, 0 errors
linking...
Program Size: Code=12692 RO-data=624 RW-data=28 ZI-data=6340  
FromELF: creating hex file...
".\Objects\bootloader_test.axf" - 0 Error(s), 7 Warning(s).

<h2>Software Packages used:</h2>

Package Vendor: Keil
                http://www.keil.com/pack/Keil.STM32F4xx_DFP.2.16.0.pack
                Keil.STM32F4xx_DFP.2.16.0
                STMicroelectronics STM32F4 Series Device Support, Drivers and Examples

<h2>Collection of Component include folders:</h2>
  D:\Keil MDK\Keil\STM32F4xx_DFP\2.16.0\Drivers\CMSIS\Device\ST\STM32F4xx\Include

<h2>Collection of Component Files used:</h2>
Build Time Elapsed:  00:00:01
</pre>
</body>
</html>
